Microchip MPLAB XC8 Compiler V1.45 ()

Linker command line:

--edf=C:\Program Files (x86)\Microchip\xc8\v1.45\dat\en_msgs.txt -cs \
  -h+dist/default/debug\BombFinderV2.X.debug.sym \
  --cmf=dist/default/debug\BombFinderV2.X.debug.cmf -z -Q18F4331 \
  -oC:\Users\krthu\AppData\Local\Temp\s50.2 \
  -Mdist/default/debug/BombFinderV2.X.debug.map -E1 -ver=XC8 \
  -ASTACK=0296h-02eeh -pstack=STACK -ACODE=00h-01CFFh -ACONST=00h-01CFFh \
  -ASMALLCONST=0300h-03FFhx26 -AMEDIUMCONST=0300h-01CFFh -ACOMRAM=01h-05Fh \
  -AABS1=00h-02EEh -ABIGRAM=01h-02EEh \
  -ARAM=060h-0FFh,0100h-01FFh,0200h-02EEh -ABANK0=060h-0FFh \
  -ABANK1=0100h-01FFh -ABANK2=0200h-02EEh \
  -ASFR=0F60h-0F9Bh,0F9Dh-0FD3h,0FD5h-0FDAh,0FE0h-0FE2h,0FE8h-0FEAh,0FF0h-0FFBh \
  -preset_vec=00h,intcode=08h,intcodelo=018h,powerup,init -pramtop=0300h \
  -psmallconst=SMALLCONST -pmediumconst=MEDIUMCONST -pconst=CONST \
  -AFARRAM=00h-00h -ACONFIG=0300000h-030000Dh -pconfig=CONFIG \
  -AIDLOC=0200000h-0200007h -pidloc=IDLOC -AEEDATA=0F00000h-0F000FFh \
  -peeprom_data=EEDATA \
  -prdata=COMRAM,nvrram=COMRAM,nvbit=COMRAM,rbss=COMRAM,rbit=COMRAM \
  -pfarbss=FARRAM,fardata=FARRAM,nvFARRAM=FARRAM \
  -pintsave_regs=BIGRAM,bigbss=BIGRAM,bigdata=BIGRAM -pbss=RAM \
  -pidata=CODE,irdata=CODE,ibigdata=CODE,ifardata=CODE -prparam=COMRAM \
  C:\Users\krthu\AppData\Local\Temp\s50.obj \
  dist/default/debug\BombFinderV2.X.debug.obj 

Object code version is 3.11

Machine type is 18F4331

Call graph: (short form)




                Name                               Link     Load   Length Selector   Space Scale
C:\Users\krthu\AppData\Local\Temp\s50.obj
                init                                 F6       F6        4        C       0
                reset_vec                             0        0        6        0       0
                idloc                            200000   200000        8   200000       0
                config                           300000   300000        E   300000       0
dist/default/debug\BombFinderV2.X.debug.obj
                intcodelo                            18       18       DE        C       0
                intcode                               8        8        6        4       0
                temp                                 34       34        1        1       1
                smallconst                          300      300       50      180       0
                text33                             1C14     1C14       38      1A8       0
                intcode_body                       16B8     16B8       BE      1A8       0
                text30                              1D0      1D0        E        C       0
                text29                             152E     152E       C6      1A8       0
                text28                             1CB8     1CB8       30      1A8       0
                text27                             19F6     19F6       60      1A8       0
                text26                             1C82     1C82       36      1A8       0
                text25                             1980     1980       76      1A8       0
                text24                             190A     190A       76      1A8       0
                text23                             1A56     1A56       54      1A8       0
                text22                             1AAA     1AAA       44      1A8       0
                text21                              14E      14E       26        C       0
                text20                              196      196       1E        C       0
                text19                              F1E      F1E      2A0      1A8       0
                text18                             1808     1808       86      1A8       0
                text17                             12FC     12FC      13E      1A8       0
                text16                             1776     1776       92      1A8       0
                text15                             143A     143A       F4      1A8       0
                text14                             1BDC     1BDC       38      1A8       0
                text13                             188E     188E       7C      1A8       0
                text12                             1B66     1B66       3C      1A8       0
                text11                             1B2A     1B2A       3C      1A8       0
                text10                              A20      A20      4FE      1A8       0
                text9                                FA       FA       2E        C       0
                text8                              11BE     11BE      13E      1A8       0
                text7                               128      128       26        C       0
                text6                              1AEE     1AEE       3C      1A8       0
                text5                               174      174       22        C       0
                text4                              15F4     15F4       C4      1A8       0
                text3                              1BA2     1BA2       3A      1A8       0
                text2                               1B4      1B4       1C        C       0
                text1                              1CE8     1CE8       14      1A8       0
                text0                               350      350      6D0      1A8       0
                cstackCOMRAM                          1        1       31        1       1
                cstackBANK0                          60       60       6B       60       1
                cstackBANK1                         100      100       E3      100       1
                bssBANK2                            200      200       96      200       1
                bssBANK1                            1E3      1E3       17      100       1
                bssBANK0                             CB       CB        8       60       1
                bssCOMRAM                            32       32        2        1       1
                cinit                              1C4C     1C4C       36      1A8       0

TOTAL           Name                               Link     Load   Length     Space
        CLASS   STACK          

        CLASS   CODE           
                intcodelo                            18       18       DE         0
                intcode                               8        8        6         0
                init                                 F6       F6        4         0
                reset_vec                             0        0        6         0
                text33                             1C14     1C14       38         0
                intcode_body                       16B8     16B8       BE         0
                text30                              1D0      1D0        E         0
                text29                             152E     152E       C6         0
                text28                             1CB8     1CB8       30         0
                text27                             19F6     19F6       60         0
                text26                             1C82     1C82       36         0
                text25                             1980     1980       76         0
                text24                             190A     190A       76         0
                text23                             1A56     1A56       54         0
                text22                             1AAA     1AAA       44         0
                text21                              14E      14E       26         0
                text20                              196      196       1E         0
                text19                              F1E      F1E      2A0         0
                text18                             1808     1808       86         0
                text17                             12FC     12FC      13E         0
                text16                             1776     1776       92         0
                text15                             143A     143A       F4         0
                text14                             1BDC     1BDC       38         0
                text13                             188E     188E       7C         0
                text12                             1B66     1B66       3C         0
                text11                             1B2A     1B2A       3C         0
                text10                              A20      A20      4FE         0
                text9                                FA       FA       2E         0
                text8                              11BE     11BE      13E         0
                text7                               128      128       26         0
                text6                              1AEE     1AEE       3C         0
                text5                               174      174       22         0
                text4                              15F4     15F4       C4         0
                text3                              1BA2     1BA2       3A         0
                text2                               1B4      1B4       1C         0
                text1                              1CE8     1CE8       14         0
                text0                               350      350      6D0         0
                cinit                              1C4C     1C4C       36         0

        CLASS   CONST          

        CLASS   SMALLCONST     
                smallconst                          300      300       50         0

        CLASS   MEDIUMCONST    

        CLASS   COMRAM         
                temp                                 34       34        1         1
                cstackCOMRAM                          1        1       31         1
                bssCOMRAM                            32       32        2         1

        CLASS   ABS1           

        CLASS   BIGRAM         

        CLASS   RAM            

        CLASS   BANK0          
                cstackBANK0                          60       60       6B         1
                bssBANK0                             CB       CB        8         1

        CLASS   BANK1          
                cstackBANK1                         100      100       E3         1
                bssBANK1                            1E3      1E3       17         1

        CLASS   BANK2          
                bssBANK2                            200      200       96         1

        CLASS   SFR            

        CLASS   FARRAM         

        CLASS   CONFIG         
                config                           300000   300000        E         0

        CLASS   IDLOC          
                idloc                            200000   200000        8         0

        CLASS   EEDATA         



SEGMENTS        Name                           Load    Length   Top    Selector   Space  Class

                reset_vec                      000000  000006  000006         0       0  CODE    
                cstackCOMRAM                   000001  000034  000035         1       1  COMRAM  
                intcode                        000008  000006  00000E         4       0  CODE    
                intcodelo                      000018  0001C6  0001DE         C       0  CODE    
                cstackBANK0                    000060  000073  0000D3        60       1  BANK0   
                cstackBANK1                    000100  0000FA  0001FA       100       1  BANK1   
                bssBANK2                       000200  000096  000296       200       1  BANK2   
                smallconst                     000300  000050  000350       180       0  SMALLCON
                text0                          000350  0019AC  001CFC       1A8       0  CODE    
                idloc                          200000  000008  200008    200000       0  IDLOC   
                config                         300000  00000E  30000E    300000       0  CONFIG  


UNUSED ADDRESS RANGES

        Name                Unused          Largest block    Delta
        BANK0            0000D3-0000FF               2D
        BANK1            0001FA-0001FF                6
        BANK2            000296-0002EE               59
        BIGRAM           000035-00005F               2B
                         0000D3-0000FF               2D
                         0001FA-0001FF                6
                         000296-0002EE               59
        CODE             000006-000007                2
                         00000E-000017                A
                         0001DE-0002FF              122
                         001CFC-001CFF                4
        COMRAM           000035-00005F               2B
        CONST            000006-000007                2
                         00000E-000017                A
                         0001DE-0002FF              122
                         001CFC-001CFF                4
        EEDATA           F00000-F000FF              100
        MEDIUMCONST      001CFC-001CFF                4
        RAM              0000D3-0000FF               2D
                         0001FA-0001FF                6
                         000296-0002EE               59
        SFR              000F60-000F9B               3C
                         000F9D-000FD3               37
                         000FD5-000FDA                6
                         000FE0-000FE2                3
                         000FE8-000FEA                3
                         000FF0-000FFB                C
        SMALLCONST       001CFC-001CFF                4
        STACK            000296-0002EE               59

                                  Symbol Table

?___awdiv                             cstackBANK0  000060
?___lwdiv                             cstackCOMRAM 00002C
?___lwmod                             cstackBANK0  000063
?___wmul                              cstackCOMRAM 00002C
?_grabLeftIR                          cstackCOMRAM 00002C
?_grabRightIR                         cstackCOMRAM 00002C
?_sprintf                             cstackBANK0  000067
LCD_String@string                     cstackBANK0  000060
LCDout@number                         cstackCOMRAM 00002F
ScanIR@DirectionMoveThreshold         cstackBANK0  0000A9
ScanIR@F3541                          bssBANK0     0000CF
ScanIR@SensorResult                   cstackBANK0  0000AB
ScanIR@buf                            cstackBANK0  000081
ScanIR@mL                             cstackBANK0  00007C
ScanIR@mR                             cstackBANK0  00007E
ScanWithRange@DirectionFoundThreshold cstackBANK0  0000BA
ScanWithRange@F3555                   bssBANK0     0000CB
ScanWithRange@LeftFlag                cstackBANK0  0000BE
ScanWithRange@LeftFlick               cstackBANK0  0000C6
ScanWithRange@MiniLeftFlick           cstackBANK0  0000BD
ScanWithRange@MotorPower              cstackBANK0  0000BC
ScanWithRange@Move                    cstackBANK0  000084
ScanWithRange@MoveTime                cstackBANK0  000082
ScanWithRange@MoveType                cstackBANK0  000086
ScanWithRange@RFID_Read               cstackBANK0  000088
ScanWithRange@RightFlag               cstackBANK0  0000C7
ScanWithRange@SensorResult            cstackBANK0  0000C2
ScanWithRange@TimeAboveThreshold      cstackBANK0  0000C0
ScanWithRange@buf                     cstackBANK0  000090
ScanWithRange@i                       cstackBANK0  0000B8
ScanWithRange@loops                   cstackBANK0  000080
ScanWithRange@mL                      cstackBANK0  00007C
ScanWithRange@mR                      cstackBANK0  00007E
ScanWithRange@millis                  cstackBANK0  00008A
SendLCD@Byte                          cstackCOMRAM 000031
SendLCD@type                          cstackCOMRAM 000030
SetLine@line                          cstackBANK0  000060
VerifySignal@ASCIICheckSum            cstackBANK0  000075
VerifySignal@RecievedString           cstackBANK0  000062
VerifySignal@i                        cstackBANK0  000076
VerifySignal@translatedASCII          cstackBANK0  000068
VerifySignal@xorOutput                cstackBANK0  000074
_ANSEL0bits                           (abs)        000FB8
_BAUDCONbits                          (abs)        000FAA
_CAP1BUFH                             (abs)        000F69
_CAP1BUFL                             (abs)        000F68
_CAP1CON                              (abs)        000F63
_CAP2BUFH                             (abs)        000F67
_CAP2BUFL                             (abs)        000F66
_CAP2CON                              (abs)        000F62
_E_TOG                                text30       0001D0
_INTCONbits                           (abs)        000FF2
_IPR1bits                             (abs)        000F9F
_InterruptHandlerHigh                 intcode      000008
_InterruptHandlerLow                  intcodelo    000018
_LATAbits                             (abs)        000F89
_LATB                                 (abs)        000F8A
_LATBbits                             (abs)        000F8A
_LATCbits                             (abs)        000F8B
_LATDbits                             (abs)        000F8C
_LATEbits                             (abs)        000F8D
_LCD_String                           text27       0019F6
_LCDout                               text29       00152E
_OSCCON                               (abs)        000FD3
_OSCCONbits                           (abs)        000FD3
_PDC0H                                (abs)        000F78
_PDC0L                                (abs)        000F79
_PDC1H                                (abs)        000F76
_PDC1L                                (abs)        000F77
_PIE1bits                             (abs)        000F9D
_PIR1bits                             (abs)        000F9E
_PTCON0                               (abs)        000F7F
_PTCON1                               (abs)        000F7E
_PTPERH                               (abs)        000F7A
_PTPERL                               (abs)        000F7B
_PWMCON0                              (abs)        000F6F
_PWMCON1                              (abs)        000F6E
_RCONbits                             (abs)        000FD0
_RCREG                                (abs)        000FAE
_RCSTAbits                            (abs)        000FAB
_RFID_Read                            bssBANK1     0001F9
_ReceivedString                       bssBANK1     0001E7
_SPBRG                                (abs)        000FAF
_SPBRGH                               (abs)        000FB0
_ScanIR                               text15       00143A
_ScanWithRange                        text10       000A20
_SendLCD                              text28       001CB8
_SetLine                              text26       001C82
_T0CONbits                            (abs)        000FD5
_T5CON                                (abs)        000FB7
_TMR0H                                (abs)        000FD7
_TMR0L                                (abs)        000FD6
_TRISAbits                            (abs)        000F92
_TRISBbits                            (abs)        000F93
_TRISC                                (abs)        000F94
_TRISCbits                            (abs)        000F94
_TRISDbits                            (abs)        000F95
_TRISEbits                            (abs)        000F96
_TXSTAbits                            (abs)        000FAC
_VerifySignal                         text8        0011BE
__CFG_LVP$OFF                         (abs)        000000
__CFG_MCLRE$OFF                       (abs)        000000
__CFG_OSC$IRCIO                       (abs)        000000
__CFG_WDTEN$OFF                       (abs)        000000
__HRAM                                (abs)        000000
__Habs1                               abs1         000000
__Hbank0                              bank0        000000
__Hbank1                              bank1        000000
__Hbank2                              bank2        000000
__Hbigbss                             bigbss       000000
__Hbigdata                            bigdata      000000
__Hbigram                             bigram       000000
__Hbss                                bss          000000
__HbssBANK0                           bssBANK0     000000
__HbssBANK1                           bssBANK1     000000
__HbssBANK2                           bssBANK2     000000
__HbssCOMRAM                          bssCOMRAM    000000
__Hcinit                              cinit        000000
__Hclrtext                            clrtext      000000
__Hcomram                             comram       000000
__Hconfig                             config       30000E
__Hconst                              const        000000
__HcstackBANK0                        cstackBANK0  000000
__HcstackBANK1                        cstackBANK1  000000
__HcstackCOMRAM                       cstackCOMRAM 000000
__Hdata                               data         000000
__Heeprom_data                        eeprom_data  000000
__Hfarbss                             farbss       000000
__Hfardata                            fardata      000000
__Hibigdata                           ibigdata     000000
__Hidata                              idata        000000
__Hidloc                              idloc        200008
__Hifardata                           ifardata     000000
__Hinit                               init         0000FA
__Hintcode                            intcode      00000E
__Hintcode_body                       intcode_body 000000
__Hintcodelo                          intcodelo    0000F6
__Hintentry                           intentry     000000
__Hintret                             intret       000000
__Hintsave_regs                       intsave_regs 000000
__Hirdata                             irdata       000000
__Hmediumconst                        mediumconst  000000
__HnvFARRAM                           nvFARRAM     000000
__Hnvbit                              nvbit        000000
__Hnvrram                             nvrram       000000
__Hparam                              rparam       000000
__Hpowerup                            powerup      0000F6
__Hram                                ram          000000
__Hramtop                             ramtop       000300
__Hrbit                               rbit         000000
__Hrbss                               rbss         000000
__Hrdata                              rdata        000000
__Hreset_vec                          reset_vec    000006
__Hrparam                             rparam       000000
__Hsfr                                sfr          000000
__Hsmallconst                         smallconst   000350
__Hspace_0                            (abs)        30000E
__Hspace_1                            (abs)        000296
__Hspace_2                            (abs)        000000
__Hstack                              stack        000000
__Hstruct                             struct       000000
__Htemp                               temp         000035
__Htext                               text         000000
__Htext0                              text0        000000
__Htext1                              text1        000000
__Htext10                             text10       000000
__Htext11                             text11       000000
__Htext12                             text12       000000
__Htext13                             text13       000000
__Htext14                             text14       000000
__Htext15                             text15       000000
__Htext16                             text16       000000
__Htext17                             text17       000000
__Htext18                             text18       000000
__Htext19                             text19       000000
__Htext2                              text2        000000
__Htext20                             text20       000000
__Htext21                             text21       000000
__Htext22                             text22       000000
__Htext23                             text23       000000
__Htext24                             text24       000000
__Htext25                             text25       000000
__Htext26                             text26       000000
__Htext27                             text27       000000
__Htext28                             text28       000000
__Htext29                             text29       000000
__Htext3                              text3        000000
__Htext30                             text30       000000
__Htext33                             text33       000000
__Htext4                              text4        000000
__Htext5                              text5        000000
__Htext6                              text6        000000
__Htext7                              text7        000000
__Htext8                              text8        000000
__Htext9                              text9        000000
__LRAM                                (abs)        000001
__Labs1                               abs1         000000
__Lbank0                              bank0        000000
__Lbank1                              bank1        000000
__Lbank2                              bank2        000000
__Lbigbss                             bigbss       000000
__Lbigdata                            bigdata      000000
__Lbigram                             bigram       000000
__Lbss                                bss          000000
__LbssBANK0                           bssBANK0     000000
__LbssBANK1                           bssBANK1     000000
__LbssBANK2                           bssBANK2     000000
__LbssCOMRAM                          bssCOMRAM    000000
__Lcinit                              cinit        000000
__Lclrtext                            clrtext      000000
__Lcomram                             comram       000000
__Lconfig                             config       300000
__Lconst                              const        000000
__LcstackBANK0                        cstackBANK0  000000
__LcstackBANK1                        cstackBANK1  000000
__LcstackCOMRAM                       cstackCOMRAM 000000
__Ldata                               data         000000
__Leeprom_data                        eeprom_data  000000
__Lfarbss                             farbss       000000
__Lfardata                            fardata      000000
__Libigdata                           ibigdata     000000
__Lidata                              idata        000000
__Lidloc                              idloc        200000
__Lifardata                           ifardata     000000
__Linit                               init         0000F6
__Lintcode                            intcode      000008
__Lintcode_body                       intcode_body 000000
__Lintcodelo                          intcodelo    000018
__Lintentry                           intentry     000000
__Lintret                             intret       000000
__Lintsave_regs                       intsave_regs 000000
__Lirdata                             irdata       000000
__Lmediumconst                        mediumconst  000000
__LnvFARRAM                           nvFARRAM     000000
__Lnvbit                              nvbit        000000
__Lnvrram                             nvrram       000000
__Lparam                              rparam       000000
__Lpowerup                            powerup      0000F6
__Lram                                ram          000000
__Lramtop                             ramtop       000300
__Lrbit                               rbit         000000
__Lrbss                               rbss         000000
__Lrdata                              rdata        000000
__Lreset_vec                          reset_vec    000000
__Lrparam                             rparam       000000
__Lsfr                                sfr          000000
__Lsmallconst                         smallconst   000300
__Lspace_0                            (abs)        000000
__Lspace_1                            (abs)        000000
__Lspace_2                            (abs)        000000
__Lstack                              stack        000000
__Lstruct                             struct       000000
__Ltemp                               temp         000034
__Ltext                               text         000000
__Ltext0                              text0        000000
__Ltext1                              text1        000000
__Ltext10                             text10       000000
__Ltext11                             text11       000000
__Ltext12                             text12       000000
__Ltext13                             text13       000000
__Ltext14                             text14       000000
__Ltext15                             text15       000000
__Ltext16                             text16       000000
__Ltext17                             text17       000000
__Ltext18                             text18       000000
__Ltext19                             text19       000000
__Ltext2                              text2        000000
__Ltext20                             text20       000000
__Ltext21                             text21       000000
__Ltext22                             text22       000000
__Ltext23                             text23       000000
__Ltext24                             text24       000000
__Ltext25                             text25       000000
__Ltext26                             text26       000000
__Ltext27                             text27       000000
__Ltext28                             text28       000000
__Ltext29                             text29       000000
__Ltext3                              text3        000000
__Ltext30                             text30       000000
__Ltext33                             text33       000000
__Ltext4                              text4        000000
__Ltext5                              text5        000000
__Ltext6                              text6        000000
__Ltext7                              text7        000000
__Ltext8                              text8        000000
__Ltext9                              text9        000000
__S0                                  (abs)        30000E
__S1                                  (abs)        000296
__S2                                  (abs)        000000
___awdiv                              text18       001808
___awdiv@counter                      cstackBANK0  000064
___awdiv@dividend                     cstackBANK0  000060
___awdiv@divisor                      cstackBANK0  000062
___awdiv@quotient                     cstackBANK0  000066
___awdiv@sign                         cstackBANK0  000065
___inthi_sp                           stack        000000
___intlo_sp                           stack        000000
___lwdiv                              text23       001A56
___lwdiv@counter                      cstackBANK0  000060
___lwdiv@dividend                     cstackCOMRAM 00002C
___lwdiv@divisor                      cstackCOMRAM 00002E
___lwdiv@quotient                     cstackBANK0  000061
___lwmod                              text22       001AAA
___lwmod@counter                      cstackCOMRAM 000030
___lwmod@dividend                     cstackBANK0  000063
___lwmod@divisor                      cstackBANK0  000065
___param_bank                         (abs)        000000
___rparam_used                        (abs)        000001
___sp                                 stack        000000
___wmul                               text21       00014E
___wmul@multiplicand                  cstackCOMRAM 00002E
___wmul@multiplier                    cstackCOMRAM 00002C
___wmul@product                       cstackCOMRAM 000030
__accesstop                           (abs)        000060
__activetblptr                        (abs)        000002
__end_of_E_TOG                        text30       0001DE
__end_of_InterruptHandlerHigh         intcode_body 001776
__end_of_InterruptHandlerLow          intcodelo    0000F6
__end_of_LCD_String                   text27       001A56
__end_of_LCDout                       text29       0015F4
__end_of_ScanIR                       text15       00152E
__end_of_ScanWithRange                text10       000F1E
__end_of_SendLCD                      text28       001CE8
__end_of_SetLine                      text26       001CB8
__end_of_VerifySignal                 text8        0012FC
__end_of___awdiv                      text18       00188E
__end_of___lwdiv                      text23       001AAA
__end_of___lwmod                      text22       001AEE
__end_of___wmul                       text21       000174
__end_of__initialization              cinit        001C74
__end_of_delay_tenth_s                text14       001C14
__end_of_dpowers                      smallconst   00030B
__end_of_enableSensor                 text7        00014E
__end_of_fullSpeed                    text13       00190A
__end_of_fullSpeedBack                text6        001B2A
__end_of_grabLeftIR                   text25       0019F6
__end_of_grabRightIR                  text24       001980
__end_of_initIR                       text5        000196
__end_of_initLCD                      text4        0016B8
__end_of_initMotorPWM                 text3        001BDC
__end_of_initRFID                     text2        0001D0
__end_of_initTimer                    text1        001CFC
__end_of_isdigit                      text20       0001B4
__end_of_main                         text0        000A20
__end_of_memset                       text9        000128
__end_of_setMotorPWM                  text17       00143A
__end_of_sprintf                      text19       0011BE
__end_of_stop                         text16       001808
__end_of_turnLeft                     text12       001BA2
__end_of_turnRight                    text11       001B66
__end_ofi2_delay_tenth_s              text33       001C4C
__initialization                      cinit        001C4C
__mediumconst                         mediumconst  000000
__pbssBANK0                           bssBANK0     0000CB
__pbssBANK1                           bssBANK1     0001E3
__pbssBANK2                           bssBANK2     000200
__pbssCOMRAM                          bssCOMRAM    000032
__pcinit                              cinit        001C4C
__pcstackBANK0                        cstackBANK0  000060
__pcstackBANK1                        cstackBANK1  000100
__pcstackCOMRAM                       cstackCOMRAM 000001
__pintcode                            intcode      000008
__pintcode_body                       intcode_body 0016B8
__pintcodelo                          intcodelo    000018
__psmallconst                         smallconst   000300
__ptext0                              text0        000350
__ptext1                              text1        001CE8
__ptext10                             text10       000A20
__ptext11                             text11       001B2A
__ptext12                             text12       001B66
__ptext13                             text13       00188E
__ptext14                             text14       001BDC
__ptext15                             text15       00143A
__ptext16                             text16       001776
__ptext17                             text17       0012FC
__ptext18                             text18       001808
__ptext19                             text19       000F1E
__ptext2                              text2        0001B4
__ptext20                             text20       000196
__ptext21                             text21       00014E
__ptext22                             text22       001AAA
__ptext23                             text23       001A56
__ptext24                             text24       00190A
__ptext25                             text25       001980
__ptext26                             text26       001C82
__ptext27                             text27       0019F6
__ptext28                             text28       001CB8
__ptext29                             text29       00152E
__ptext3                              text3        001BA2
__ptext30                             text30       0001D0
__ptext33                             text33       001C14
__ptext4                              text4        0015F4
__ptext5                              text5        000174
__ptext6                              text6        001AEE
__ptext7                              text7        000128
__ptext8                              text8        0011BE
__ptext9                              text9        0000FA
__ramtop                              ramtop       000300
__size_of_E_TOG                       (abs)        000000
__size_of_InterruptHandlerHigh        (abs)        000000
__size_of_InterruptHandlerLow         (abs)        000000
__size_of_LCD_String                  (abs)        000000
__size_of_LCDout                      (abs)        000000
__size_of_ScanIR                      (abs)        000000
__size_of_ScanWithRange               (abs)        000000
__size_of_SendLCD                     (abs)        000000
__size_of_SetLine                     (abs)        000000
__size_of_VerifySignal                (abs)        000000
__size_of___awdiv                     (abs)        000000
__size_of___lwdiv                     (abs)        000000
__size_of___lwmod                     (abs)        000000
__size_of___wmul                      (abs)        000000
__size_of_delay_tenth_s               (abs)        000000
__size_of_enableSensor                (abs)        000000
__size_of_fullSpeed                   (abs)        000000
__size_of_fullSpeedBack               (abs)        000000
__size_of_grabLeftIR                  (abs)        000000
__size_of_grabRightIR                 (abs)        000000
__size_of_initIR                      (abs)        000000
__size_of_initLCD                     (abs)        000000
__size_of_initMotorPWM                (abs)        000000
__size_of_initRFID                    (abs)        000000
__size_of_initTimer                   (abs)        000000
__size_of_isdigit                     (abs)        000000
__size_of_main                        (abs)        000000
__size_of_memset                      (abs)        000000
__size_of_setMotorPWM                 (abs)        000000
__size_of_sprintf                     (abs)        000000
__size_of_stop                        (abs)        000000
__size_of_turnLeft                    (abs)        000000
__size_of_turnRight                   (abs)        000000
__size_ofi2_delay_tenth_s             (abs)        000000
__smallconst                          smallconst   000300
_delay_tenth_s                        text14       001BDC
_dpowers                              smallconst   000301
_enableSensor                         text7        000128
_fullSpeed                            text13       00188E
_fullSpeedBack                        text6        001AEE
_grabLeftIR                           text25       001980
_grabRightIR                          text24       00190A
_i                                    bssCOMRAM    000033
_initIR                               text5        000174
_initLCD                              text4        0015F4
_initMotorPWM                         text3        001BA2
_initRFID                             text2        0001B4
_initTimer                            text1        001CE8
_isdigit                              text20       000196
_isdigit$1781                         cstackCOMRAM 00002D
_main                                 text0        000350
_memset                               text9        0000FA
_millis                               bssBANK1     0001F7
_mode                                 bssCOMRAM    000032
_setMotorPWM                          text17       0012FC
_sprintf                              text19       000F1E
_stop                                 text16       001776
_turnLeft                             text12       001B66
_turnRight                            text11       001B2A
btemp                                 temp         000034
delay_tenth_s@i                       cstackCOMRAM 00002E
delay_tenth_s@tenth_seconds           cstackCOMRAM 00002D
enableSensor@sensor                   cstackCOMRAM 00002D
enableSensor@status                   cstackCOMRAM 00002C
end_of_initialization                 cinit        001C74
fullSpeed@mL                          cstackBANK0  000071
fullSpeed@mR                          cstackBANK0  000073
fullSpeed@power                       cstackBANK0  000075
fullSpeedBack@mL                      cstackBANK0  000077
fullSpeedBack@mR                      cstackBANK0  000079
fullSpeedBack@power                   cstackBANK0  00007B
grabLeftIR@IR_signal                  cstackBANK0  000060
grabLeftIR@i                          cstackBANK0  000062
grabRightIR@IR_signal                 cstackBANK0  000060
grabRightIR@i                         cstackBANK0  000062
i2_delay_tenth_s                      text33       001C14
i2delay_tenth_s@i                     cstackCOMRAM 000003
i2delay_tenth_s@tenth_seconds         cstackCOMRAM 000002
int$flags                             temp         000034
int_func                              intcode_body 0016B8
intlevel0                             text         000000
intlevel1                             text         000000
intlevel2                             text         000000
intlevel3                             text         000000
isdigit@c                             cstackCOMRAM 00002E
main@DirectionFound                   cstackBANK1  0001CE
main@F3552                            bssBANK2     000200
main@F3554                            bssBANK2     000264
main@F3557                            bssBANK1     0001E3
main@Message                          cstackBANK1  0001BE
main@MotorPower                       cstackBANK1  0001CD
main@Move                             cstackBANK1  0001D0
main@MoveTime                         cstackBANK1  00015A
main@MoveType                         cstackBANK1  000128
main@ScanAngle                        cstackBANK1  0001C8
main@SensorResult                     cstackBANK1  0001C9
main@buf                              cstackBANK1  000100
main@i                                cstackBANK1  0001CF
main@mL                               cstackBANK1  0001D1
main@mR                               cstackBANK1  0001DA
memset@c                              cstackCOMRAM 00002E
memset@n                              cstackCOMRAM 000030
memset@p                              cstackBANK0  000060
memset@p1                             cstackCOMRAM 00002C
setMotorPWM@PWMduty                   cstackBANK0  00006F
setMotorPWM@m                         cstackBANK0  000068
sprintf@ap                            cstackBANK0  000073
sprintf@c                             cstackBANK0  00007B
sprintf@f                             cstackBANK0  000069
sprintf@flag                          cstackBANK0  000078
sprintf@prec                          cstackBANK0  000075
sprintf@sp                            cstackBANK0  000067
sprintf@val                           cstackBANK0  000076
sprintf@width                         cstackBANK0  000079
stackhi                               (abs)        0002EE
stacklo                               (abs)        000296
start                                 init         0000F6
start_initialization                  cinit        001C4C
stop@mL                               cstackBANK0  000071
stop@mR                               cstackBANK0  000073
turnLeft@mL                           cstackBANK0  000077
turnLeft@mR                           cstackBANK0  000079
turnLeft@power                        cstackBANK0  00007B
turnRight@mL                          cstackBANK0  000077
turnRight@mR                          cstackBANK0  000079
turnRight@power                       cstackBANK0  00007B
wtemp6                                temp         000035


FUNCTION INFORMATION:

 *************** function _main *****************
 Defined at:
		line 55 in file "main.c"
 Parameters:    Size  Location     Type
		None
 Auto vars:     Size  Location     Type
  MoveTime      100   90[BANK1 ] int [50]
  MoveType       50   40[BANK1 ] unsigned char [50]
  buf            40    0[BANK1 ] unsigned char [40]
  Message        10  190[BANK1 ] unsigned char [10]
  mR              9  218[BANK1 ] struct DC_motor
  mL              9  209[BANK1 ] struct DC_motor
  SensorResult    4  201[BANK1 ] unsigned int [2]
  Move            1  208[BANK1 ] char 
  i               1  207[BANK1 ] unsigned char 
  DirectionFou    1  206[BANK1 ] char 
  MotorPower      1  205[BANK1 ] const unsigned char 
  ScanAngle       1  200[BANK1 ] unsigned char 
 Return value:  Size  Location     Type
                  1    wreg      void 
 Registers used:
		wreg, fsr1l, fsr1h, fsr2l, fsr2h, status,2, status,0, tblptrl, tblptrh, tblptru, prodl, prodh, cstack
 Tracked objects:
		On entry : 
		On exit  : 
		Unchanged: 
 Data sizes:     COMRAM   BANK0   BANK1   BANK2
      Params:         0       0       0       0
      Locals:         0       0     227       0
      Temps:          0       2       0       0
      Totals:         0       2     227       0
Total ram usage:      229 bytes
 Hardware stack levels required when called:    8
 This function calls:
		_LCD_String
		_ScanIR
		_ScanWithRange
		_SendLCD
		_SetLine
		_VerifySignal
		_delay_tenth_s
		_enableSensor
		_fullSpeed
		_fullSpeedBack
		_grabLeftIR
		_grabRightIR
		_initIR
		_initLCD
		_initMotorPWM
		_initRFID
		_initTimer
		_sprintf
		_stop
		_turnLeft
		_turnRight
 This function is called by:
		Startup code after reset
 This function uses a non-reentrant model


 *************** function _initTimer *****************
 Defined at:
		line 8 in file "Movement.c"
 Parameters:    Size  Location     Type
		None
 Auto vars:     Size  Location     Type
		None
 Return value:  Size  Location     Type
                  1    wreg      void 
 Registers used:
		wreg, status,2
 Tracked objects:
		On entry : 
		On exit  : 
		Unchanged: 
 Data sizes:     COMRAM   BANK0   BANK1   BANK2
      Params:         0       0       0       0
      Locals:         0       0       0       0
      Temps:          0       0       0       0
      Totals:         0       0       0       0
Total ram usage:        0 bytes
 Hardware stack levels used:    1
 Hardware stack levels required when called:    3
 This function calls:
		Nothing
 This function is called by:
		_main
 This function uses a non-reentrant model


 *************** function _initRFID *****************
 Defined at:
		line 7 in file "RFID_Reader.c"
 Parameters:    Size  Location     Type
		None
 Auto vars:     Size  Location     Type
		None
 Return value:  Size  Location     Type
                  1    wreg      void 
 Registers used:
		wreg, status,2, status,0
 Tracked objects:
		On entry : 
		On exit  : 
		Unchanged: 
 Data sizes:     COMRAM   BANK0   BANK1   BANK2
      Params:         0       0       0       0
      Locals:         0       0       0       0
      Temps:          0       0       0       0
      Totals:         0       0       0       0
Total ram usage:        0 bytes
 Hardware stack levels used:    1
 Hardware stack levels required when called:    3
 This function calls:
		Nothing
 This function is called by:
		_main
 This function uses a non-reentrant model


 *************** function _initMotorPWM *****************
 Defined at:
		line 4 in file "dc_motor.c"
 Parameters:    Size  Location     Type
		None
 Auto vars:     Size  Location     Type
		None
 Return value:  Size  Location     Type
                  1    wreg      void 
 Registers used:
		wreg, status,2
 Tracked objects:
		On entry : 
		On exit  : 
		Unchanged: 
 Data sizes:     COMRAM   BANK0   BANK1   BANK2
      Params:         0       0       0       0
      Locals:         0       0       0       0
      Temps:          0       0       0       0
      Totals:         0       0       0       0
Total ram usage:        0 bytes
 Hardware stack levels used:    1
 Hardware stack levels required when called:    3
 This function calls:
		Nothing
 This function is called by:
		_main
 This function uses a non-reentrant model


 *************** function _initLCD *****************
 Defined at:
		line 38 in file "LCD.c"
 Parameters:    Size  Location     Type
		None
 Auto vars:     Size  Location     Type
		None
 Return value:  Size  Location     Type
                  1    wreg      void 
 Registers used:
		wreg, status,2, status,0, cstack
 Tracked objects:
		On entry : 
		On exit  : 
		Unchanged: 
 Data sizes:     COMRAM   BANK0   BANK1   BANK2
      Params:         0       0       0       0
      Locals:         0       0       0       0
      Temps:          0       1       0       0
      Totals:         0       1       0       0
Total ram usage:        1 bytes
 Hardware stack levels used:    1
 Hardware stack levels required when called:    6
 This function calls:
		_LCDout
		_SendLCD
 This function is called by:
		_main
 This function uses a non-reentrant model


 *************** function _initIR *****************
 Defined at:
		line 30 in file "IR_Reading.c"
 Parameters:    Size  Location     Type
		None
 Auto vars:     Size  Location     Type
		None
 Return value:  Size  Location     Type
                  1    wreg      void 
 Registers used:
		wreg, status,2
 Tracked objects:
		On entry : 
		On exit  : 
		Unchanged: 
 Data sizes:     COMRAM   BANK0   BANK1   BANK2
      Params:         0       0       0       0
      Locals:         0       0       0       0
      Temps:          0       0       0       0
      Totals:         0       0       0       0
Total ram usage:        0 bytes
 Hardware stack levels used:    1
 Hardware stack levels required when called:    3
 This function calls:
		Nothing
 This function is called by:
		_main
 This function uses a non-reentrant model


 *************** function _fullSpeedBack *****************
 Defined at:
		line 138 in file "dc_motor.c"
 Parameters:    Size  Location     Type
  mL              2   23[BANK0 ] PTR struct DC_motor
		 -> main@mL(9), 
  mR              2   25[BANK0 ] PTR struct DC_motor
		 -> main@mR(9), 
  power           1   27[BANK0 ] unsigned char 
 Auto vars:     Size  Location     Type
		None
 Return value:  Size  Location     Type
                  1    wreg      void 
 Registers used:
		wreg, fsr2l, fsr2h, status,2, status,0, prodl, prodh, cstack
 Tracked objects:
		On entry : 
		On exit  : 
		Unchanged: 
 Data sizes:     COMRAM   BANK0   BANK1   BANK2
      Params:         0       5       0       0
      Locals:         0       0       0       0
      Temps:          0       0       0       0
      Totals:         0       5       0       0
Total ram usage:        5 bytes
 Hardware stack levels used:    1
 Hardware stack levels required when called:    6
 This function calls:
		_fullSpeed
 This function is called by:
		_main
 This function uses a non-reentrant model


 *************** function _enableSensor *****************
 Defined at:
		line 106 in file "IR_Reading.c"
 Parameters:    Size  Location     Type
  sensor          1    wreg     unsigned char 
  status          1   43[COMRAM] unsigned char 
 Auto vars:     Size  Location     Type
  sensor          1   44[COMRAM] unsigned char 
 Return value:  Size  Location     Type
                  1    wreg      void 
 Registers used:
		wreg, status,2, status,0
 Tracked objects:
		On entry : 
		On exit  : 
		Unchanged: 
 Data sizes:     COMRAM   BANK0   BANK1   BANK2
      Params:         1       0       0       0
      Locals:         1       0       0       0
      Temps:          0       0       0       0
      Totals:         2       0       0       0
Total ram usage:        2 bytes
 Hardware stack levels used:    1
 Hardware stack levels required when called:    3
 This function calls:
		Nothing
 This function is called by:
		_main
 This function uses a non-reentrant model


 *************** function _VerifySignal *****************
 Defined at:
		line 39 in file "RFID_Reader.c"
 Parameters:    Size  Location     Type
  RecievedStri    2    2[BANK0 ] PTR unsigned char 
		 -> ReceivedString(16), 
 Auto vars:     Size  Location     Type
  translatedAS   12    8[BANK0 ] unsigned char [12]
  i               1   22[BANK0 ] unsigned char 
  ASCIICheckSu    1   21[BANK0 ] unsigned char 
  xorOutput       1   20[BANK0 ] unsigned char 
 Return value:  Size  Location     Type
                  1    wreg      unsigned char 
 Registers used:
		wreg, fsr1l, fsr1h, fsr2l, fsr2h, status,2, status,0, prodl, prodh, cstack
 Tracked objects:
		On entry : 
		On exit  : 
		Unchanged: 
 Data sizes:     COMRAM   BANK0   BANK1   BANK2
      Params:         0       2       0       0
      Locals:         0      15       0       0
      Temps:          0       4       0       0
      Totals:         0      21       0       0
Total ram usage:       21 bytes
 Hardware stack levels used:    1
 Hardware stack levels required when called:    4
 This function calls:
		_memset
 This function is called by:
		_main
 This function uses a non-reentrant model


 *************** function _memset *****************
 Defined at:
		line 8 in file "C:\Program Files (x86)\Microchip\xc8\v1.45\sources\common\memset.c"
 Parameters:    Size  Location     Type
  p1              2   43[COMRAM] PTR void 
		 -> VerifySignal@translatedASCII(12), 
  c               2   45[COMRAM] int 
  n               2   47[COMRAM] unsigned int 
 Auto vars:     Size  Location     Type
  p               2    0[BANK0 ] PTR unsigned char 
		 -> VerifySignal@translatedASCII(12), 
 Return value:  Size  Location     Type
                  2   43[COMRAM] PTR void 
 Registers used:
		wreg, fsr2l, fsr2h, status,2, status,0
 Tracked objects:
		On entry : 
		On exit  : 
		Unchanged: 
 Data sizes:     COMRAM   BANK0   BANK1   BANK2
      Params:         6       0       0       0
      Locals:         0       2       0       0
      Temps:          0       0       0       0
      Totals:         6       2       0       0
Total ram usage:        8 bytes
 Hardware stack levels used:    1
 Hardware stack levels required when called:    3
 This function calls:
		Nothing
 This function is called by:
		_VerifySignal
 This function uses a non-reentrant model


 *************** function _ScanWithRange *****************
 Defined at:
		line 98 in file "Movement.c"
 Parameters:    Size  Location     Type
  mL              2   28[BANK0 ] PTR struct DC_motor
		 -> main@mL(9), 
  mR              2   30[BANK0 ] PTR struct DC_motor
		 -> main@mR(9), 
  loops           2   32[BANK0 ] int 
  MoveTime        2   34[BANK0 ] PTR int 
		 -> main@MoveTime(100), 
  Move            2   36[BANK0 ] PTR unsigned char 
		 -> main@Move(1), 
  MoveType        2   38[BANK0 ] PTR unsigned char 
		 -> main@MoveType(50), 
  RFID_Read       2   40[BANK0 ] PTR unsigned char 
		 -> RFID_Read(1), 
  millis          2   42[BANK0 ] PTR unsigned int 
		 -> millis(2), 
 Auto vars:     Size  Location     Type
  buf            40   48[BANK0 ] unsigned char [40]
  SensorResult    4   98[BANK0 ] unsigned int [2]
  RightFlag       2  103[BANK0 ] unsigned int 
  TimeAboveThr    2   96[BANK0 ] unsigned int 
  LeftFlag        2   94[BANK0 ] unsigned int 
  DirectionFou    2   90[BANK0 ] const unsigned int 
  i               2   88[BANK0 ] unsigned int 
  LeftFlick       1  102[BANK0 ] const char 
  MiniLeftFlic    1   93[BANK0 ] const unsigned char 
  MotorPower      1   92[BANK0 ] const unsigned char 
 Return value:  Size  Location     Type
                  1    wreg      unsigned char 
 Registers used:
		wreg, fsr1l, fsr1h, fsr2l, fsr2h, status,2, status,0, tblptrl, tblptrh, tblptru, prodl, prodh, cstack
 Tracked objects:
		On entry : 
		On exit  : 
		Unchanged: 
 Data sizes:     COMRAM   BANK0   BANK1   BANK2
      Params:         0      16       0       0
      Locals:         0      57       0       0
      Temps:          0       4       0       0
      Totals:         0      77       0       0
Total ram usage:       77 bytes
 Hardware stack levels used:    1
 Hardware stack levels required when called:    7
 This function calls:
		_LCD_String
		_SendLCD
		_SetLine
		_delay_tenth_s
		_grabLeftIR
		_grabRightIR
		_sprintf
		_stop
		_turnLeft
		_turnRight
 This function is called by:
		_main
 This function uses a non-reentrant model


 *************** function _turnRight *****************
 Defined at:
		line 103 in file "dc_motor.c"
 Parameters:    Size  Location     Type
  mL              2   23[BANK0 ] PTR struct DC_motor
		 -> main@mL(9), 
  mR              2   25[BANK0 ] PTR struct DC_motor
		 -> main@mR(9), 
  power           1   27[BANK0 ] unsigned char 
 Auto vars:     Size  Location     Type
		None
 Return value:  Size  Location     Type
                  1    wreg      void 
 Registers used:
		wreg, fsr2l, fsr2h, status,2, status,0, prodl, prodh, cstack
 Tracked objects:
		On entry : 
		On exit  : 
		Unchanged: 
 Data sizes:     COMRAM   BANK0   BANK1   BANK2
      Params:         0       5       0       0
      Locals:         0       0       0       0
      Temps:          0       0       0       0
      Totals:         0       5       0       0
Total ram usage:        5 bytes
 Hardware stack levels used:    1
 Hardware stack levels required when called:    6
 This function calls:
		_fullSpeed
 This function is called by:
		_ScanWithRange
		_main
 This function uses a non-reentrant model


 *************** function _turnLeft *****************
 Defined at:
		line 92 in file "dc_motor.c"
 Parameters:    Size  Location     Type
  mL              2   23[BANK0 ] PTR struct DC_motor
		 -> main@mL(9), 
  mR              2   25[BANK0 ] PTR struct DC_motor
		 -> main@mR(9), 
  power           1   27[BANK0 ] unsigned char 
 Auto vars:     Size  Location     Type
		None
 Return value:  Size  Location     Type
                  1    wreg      void 
 Registers used:
		wreg, fsr2l, fsr2h, status,2, status,0, prodl, prodh, cstack
 Tracked objects:
		On entry : 
		On exit  : 
		Unchanged: 
 Data sizes:     COMRAM   BANK0   BANK1   BANK2
      Params:         0       5       0       0
      Locals:         0       0       0       0
      Temps:          0       0       0       0
      Totals:         0       5       0       0
Total ram usage:        5 bytes
 Hardware stack levels used:    1
 Hardware stack levels required when called:    6
 This function calls:
		_fullSpeed
 This function is called by:
		_ScanWithRange
		_main
 This function uses a non-reentrant model


 *************** function _fullSpeed *****************
 Defined at:
		line 113 in file "dc_motor.c"
 Parameters:    Size  Location     Type
  mL              2   17[BANK0 ] PTR struct DC_motor
		 -> main@mL(9), 
  mR              2   19[BANK0 ] PTR struct DC_motor
		 -> main@mR(9), 
  power           1   21[BANK0 ] unsigned char 
 Auto vars:     Size  Location     Type
		None
 Return value:  Size  Location     Type
                  1    wreg      void 
 Registers used:
		wreg, fsr2l, fsr2h, status,2, status,0, prodl, prodh, cstack
 Tracked objects:
		On entry : 
		On exit  : 
		Unchanged: 
 Data sizes:     COMRAM   BANK0   BANK1   BANK2
      Params:         0       5       0       0
      Locals:         0       0       0       0
      Temps:          0       1       0       0
      Totals:         0       6       0       0
Total ram usage:        6 bytes
 Hardware stack levels used:    1
 Hardware stack levels required when called:    5
 This function calls:
		_setMotorPWM
 This function is called by:
		_turnLeft
		_turnRight
		_fullSpeedBack
		_main
		_fullSpeedForward
 This function uses a non-reentrant model


 *************** function _delay_tenth_s *****************
 Defined at:
		line 32 in file "Movement.c"
 Parameters:    Size  Location     Type
  tenth_second    1    wreg     unsigned char 
 Auto vars:     Size  Location     Type
  tenth_second    1   44[COMRAM] unsigned char 
  i               2   45[COMRAM] unsigned int 
 Return value:  Size  Location     Type
                  1    wreg      void 
 Registers used:
		wreg, status,2, status,0, prodl, prodh, cstack
 Tracked objects:
		On entry : 
		On exit  : 
		Unchanged: 
 Data sizes:     COMRAM   BANK0   BANK1   BANK2
      Params:         0       0       0       0
      Locals:         3       0       0       0
      Temps:          1       0       0       0
      Totals:         4       0       0       0
Total ram usage:        4 bytes
 Hardware stack levels used:    1
 Hardware stack levels required when called:    3
 This function calls:
		Nothing
 This function is called by:
		_ScanWithRange
		_main
 This function uses a non-reentrant model


 *************** function _ScanIR *****************
 Defined at:
		line 44 in file "Movement.c"
 Parameters:    Size  Location     Type
  mL              2   28[BANK0 ] PTR struct DC_motor
		 -> main@mL(9), 
  mR              2   30[BANK0 ] PTR struct DC_motor
		 -> main@mR(9), 
 Auto vars:     Size  Location     Type
  buf            40   33[BANK0 ] unsigned char [40]
  SensorResult    4   75[BANK0 ] unsigned int [2]
  DirectionMov    2   73[BANK0 ] const unsigned int 
 Return value:  Size  Location     Type
                  1    wreg      unsigned char 
 Registers used:
		wreg, fsr1l, fsr1h, fsr2l, fsr2h, status,2, status,0, tblptrl, tblptrh, tblptru, prodl, prodh, cstack
 Tracked objects:
		On entry : 
		On exit  : 
		Unchanged: 
 Data sizes:     COMRAM   BANK0   BANK1   BANK2
      Params:         0       4       0       0
      Locals:         0      46       0       0
      Temps:          0       1       0       0
      Totals:         0      51       0       0
Total ram usage:       51 bytes
 Hardware stack levels used:    1
 Hardware stack levels required when called:    7
 This function calls:
		_LCD_String
		_SendLCD
		_SetLine
		_grabLeftIR
		_grabRightIR
		_sprintf
		_stop
 This function is called by:
		_main
 This function uses a non-reentrant model


 *************** function _stop *****************
 Defined at:
		line 72 in file "dc_motor.c"
 Parameters:    Size  Location     Type
  mL              2   17[BANK0 ] PTR struct DC_motor
		 -> main@mL(9), 
  mR              2   19[BANK0 ] PTR struct DC_motor
		 -> main@mR(9), 
 Auto vars:     Size  Location     Type
		None
 Return value:  Size  Location     Type
                  1    wreg      void 
 Registers used:
		wreg, fsr2l, fsr2h, status,2, status,0, prodl, prodh, cstack
 Tracked objects:
		On entry : 
		On exit  : 
		Unchanged: 
 Data sizes:     COMRAM   BANK0   BANK1   BANK2
      Params:         0       4       0       0
      Locals:         0       0       0       0
      Temps:          0       0       0       0
      Totals:         0       4       0       0
Total ram usage:        4 bytes
 Hardware stack levels used:    1
 Hardware stack levels required when called:    5
 This function calls:
		_setMotorPWM
 This function is called by:
		_ScanIR
		_ScanWithRange
		_main
 This function uses a non-reentrant model


 *************** function _setMotorPWM *****************
 Defined at:
		line 31 in file "dc_motor.c"
 Parameters:    Size  Location     Type
  m               2    8[BANK0 ] PTR struct DC_motor
		 -> main@mR(9), main@mL(9), 
 Auto vars:     Size  Location     Type
  PWMduty         2   15[BANK0 ] int 
 Return value:  Size  Location     Type
                  1    wreg      void 
 Registers used:
		wreg, fsr2l, fsr2h, status,2, status,0, prodl, prodh, cstack
 Tracked objects:
		On entry : 
		On exit  : 
		Unchanged: 
 Data sizes:     COMRAM   BANK0   BANK1   BANK2
      Params:         0       2       0       0
      Locals:         0       2       0       0
      Temps:          0       5       0       0
      Totals:         0       9       0       0
Total ram usage:        9 bytes
 Hardware stack levels used:    1
 Hardware stack levels required when called:    4
 This function calls:
		___awdiv
		___wmul
 This function is called by:
		_stop
		_fullSpeed
		_setMotorFullSpeed
		_stopMotor
 This function uses a non-reentrant model


 *************** function ___awdiv *****************
 Defined at:
		line 8 in file "C:\Program Files (x86)\Microchip\xc8\v1.45\sources\common\awdiv.c"
 Parameters:    Size  Location     Type
  dividend        2    0[BANK0 ] int 
  divisor         2    2[BANK0 ] int 
 Auto vars:     Size  Location     Type
  quotient        2    6[BANK0 ] int 
  sign            1    5[BANK0 ] unsigned char 
  counter         1    4[BANK0 ] unsigned char 
 Return value:  Size  Location     Type
                  2    0[BANK0 ] int 
 Registers used:
		wreg, status,2, status,0
 Tracked objects:
		On entry : 
		On exit  : 
		Unchanged: 
 Data sizes:     COMRAM   BANK0   BANK1   BANK2
      Params:         0       4       0       0
      Locals:         0       4       0       0
      Temps:          0       0       0       0
      Totals:         0       8       0       0
Total ram usage:        8 bytes
 Hardware stack levels used:    1
 Hardware stack levels required when called:    3
 This function calls:
		Nothing
 This function is called by:
		_setMotorPWM
 This function uses a non-reentrant model


 *************** function _sprintf *****************
 Defined at:
		line 492 in file "C:\Program Files (x86)\Microchip\xc8\v1.45\sources\common\doprnt.c"
 Parameters:    Size  Location     Type
  sp              2    7[BANK0 ] PTR unsigned char 
		 -> main@buf(40), ScanWithRange@buf(40), ScanIR@buf(40), 
  f               2    9[BANK0 ] PTR const unsigned char 
		 -> STR_6(17), STR_4(16), STR_2(16), 
 Auto vars:     Size  Location     Type
  tmpval          4    0        struct .
  cp              3    0        PTR const unsigned char 
  width           2   25[BANK0 ] int 
  val             2   22[BANK0 ] unsigned int 
  ap              2   19[BANK0 ] PTR void [1]
		 -> ?_sprintf(2), 
  len             2    0        unsigned int 
  c               1   27[BANK0 ] char 
  flag            1   24[BANK0 ] unsigned char 
  prec            1   21[BANK0 ] char 
 Return value:  Size  Location     Type
                  2    7[BANK0 ] int 
 Registers used:
		wreg, fsr2l, fsr2h, status,2, status,0, tblptrl, tblptrh, tblptru, prodl, prodh, cstack
 Tracked objects:
		On entry : 
		On exit  : 
		Unchanged: 
 Data sizes:     COMRAM   BANK0   BANK1   BANK2
      Params:         0       8       0       0
      Locals:         0       9       0       0
      Temps:          0       4       0       0
      Totals:         0      21       0       0
Total ram usage:       21 bytes
 Hardware stack levels used:    1
 Hardware stack levels required when called:    4
 This function calls:
		___lwdiv
		___lwmod
		___wmul
		_isdigit
 This function is called by:
		_ScanIR
		_ScanWithRange
		_main
 This function uses a non-reentrant model


 *************** function _isdigit *****************
 Defined at:
		line 8 in file "C:\Program Files (x86)\Microchip\xc8\v1.45\sources\common\isdigit.c"
 Parameters:    Size  Location     Type
  c               1    wreg     unsigned char 
 Auto vars:     Size  Location     Type
  c               1   45[COMRAM] unsigned char 
 Return value:  Size  Location     Type
		None               void
 Registers used:
		wreg, status,2, status,0
 Tracked objects:
		On entry : 
		On exit  : 
		Unchanged: 
 Data sizes:     COMRAM   BANK0   BANK1   BANK2
      Params:         0       0       0       0
      Locals:         2       0       0       0
      Temps:          1       0       0       0
      Totals:         3       0       0       0
Total ram usage:        3 bytes
 Hardware stack levels used:    1
 Hardware stack levels required when called:    3
 This function calls:
		Nothing
 This function is called by:
		_sprintf
 This function uses a non-reentrant model


 *************** function ___wmul *****************
 Defined at:
		line 15 in file "C:\Program Files (x86)\Microchip\xc8\v1.45\sources\common\Umul16.c"
 Parameters:    Size  Location     Type
  multiplier      2   43[COMRAM] unsigned int 
  multiplicand    2   45[COMRAM] unsigned int 
 Auto vars:     Size  Location     Type
  product         2   47[COMRAM] unsigned int 
 Return value:  Size  Location     Type
                  2   43[COMRAM] unsigned int 
 Registers used:
		wreg, status,2, status,0, prodl, prodh
 Tracked objects:
		On entry : 
		On exit  : 
		Unchanged: 
 Data sizes:     COMRAM   BANK0   BANK1   BANK2
      Params:         4       0       0       0
      Locals:         2       0       0       0
      Temps:          0       0       0       0
      Totals:         6       0       0       0
Total ram usage:        6 bytes
 Hardware stack levels used:    1
 Hardware stack levels required when called:    3
 This function calls:
		Nothing
 This function is called by:
		_setMotorPWM
		_sprintf
 This function uses a non-reentrant model


 *************** function ___lwmod *****************
 Defined at:
		line 8 in file "C:\Program Files (x86)\Microchip\xc8\v1.45\sources\common\lwmod.c"
 Parameters:    Size  Location     Type
  dividend        2    3[BANK0 ] unsigned int 
  divisor         2    5[BANK0 ] unsigned int 
 Auto vars:     Size  Location     Type
  counter         1   47[COMRAM] unsigned char 
 Return value:  Size  Location     Type
                  2    3[BANK0 ] unsigned int 
 Registers used:
		wreg, status,2, status,0
 Tracked objects:
		On entry : 
		On exit  : 
		Unchanged: 
 Data sizes:     COMRAM   BANK0   BANK1   BANK2
      Params:         0       4       0       0
      Locals:         1       0       0       0
      Temps:          0       0       0       0
      Totals:         1       4       0       0
Total ram usage:        5 bytes
 Hardware stack levels used:    1
 Hardware stack levels required when called:    3
 This function calls:
		Nothing
 This function is called by:
		_sprintf
 This function uses a non-reentrant model


 *************** function ___lwdiv *****************
 Defined at:
		line 8 in file "C:\Program Files (x86)\Microchip\xc8\v1.45\sources\common\lwdiv.c"
 Parameters:    Size  Location     Type
  dividend        2   43[COMRAM] unsigned int 
  divisor         2   45[COMRAM] unsigned int 
 Auto vars:     Size  Location     Type
  quotient        2    1[BANK0 ] unsigned int 
  counter         1    0[BANK0 ] unsigned char 
 Return value:  Size  Location     Type
                  2   43[COMRAM] unsigned int 
 Registers used:
		wreg, status,2, status,0
 Tracked objects:
		On entry : 
		On exit  : 
		Unchanged: 
 Data sizes:     COMRAM   BANK0   BANK1   BANK2
      Params:         4       0       0       0
      Locals:         0       3       0       0
      Temps:          0       0       0       0
      Totals:         4       3       0       0
Total ram usage:        7 bytes
 Hardware stack levels used:    1
 Hardware stack levels required when called:    3
 This function calls:
		Nothing
 This function is called by:
		_sprintf
 This function uses a non-reentrant model


 *************** function _grabRightIR *****************
 Defined at:
		line 74 in file "IR_Reading.c"
 Parameters:    Size  Location     Type
		None
 Auto vars:     Size  Location     Type
  IR_signal       2    0[BANK0 ] unsigned int 
  i               1    2[BANK0 ] unsigned char 
 Return value:  Size  Location     Type
                  2   43[COMRAM] unsigned int 
 Registers used:
		wreg, status,2, status,0
 Tracked objects:
		On entry : 
		On exit  : 
		Unchanged: 
 Data sizes:     COMRAM   BANK0   BANK1   BANK2
      Params:         2       0       0       0
      Locals:         0       3       0       0
      Temps:          3       0       0       0
      Totals:         5       3       0       0
Total ram usage:        8 bytes
 Hardware stack levels used:    1
 Hardware stack levels required when called:    3
 This function calls:
		Nothing
 This function is called by:
		_ScanIR
		_ScanWithRange
		_main
 This function uses a non-reentrant model


 *************** function _grabLeftIR *****************
 Defined at:
		line 90 in file "IR_Reading.c"
 Parameters:    Size  Location     Type
		None
 Auto vars:     Size  Location     Type
  IR_signal       2    0[BANK0 ] unsigned int 
  i               1    2[BANK0 ] unsigned char 
 Return value:  Size  Location     Type
                  2   43[COMRAM] unsigned int 
 Registers used:
		wreg, status,2, status,0
 Tracked objects:
		On entry : 
		On exit  : 
		Unchanged: 
 Data sizes:     COMRAM   BANK0   BANK1   BANK2
      Params:         2       0       0       0
      Locals:         0       3       0       0
      Temps:          3       0       0       0
      Totals:         5       3       0       0
Total ram usage:        8 bytes
 Hardware stack levels used:    1
 Hardware stack levels required when called:    3
 This function calls:
		Nothing
 This function is called by:
		_ScanIR
		_ScanWithRange
		_main
 This function uses a non-reentrant model


 *************** function _SetLine *****************
 Defined at:
		line 74 in file "LCD.c"
 Parameters:    Size  Location     Type
  line            1    wreg     unsigned char 
 Auto vars:     Size  Location     Type
  line            1    0[BANK0 ] unsigned char 
 Return value:  Size  Location     Type
                  1    wreg      void 
 Registers used:
		wreg, status,2, status,0, cstack
 Tracked objects:
		On entry : 
		On exit  : 
		Unchanged: 
 Data sizes:     COMRAM   BANK0   BANK1   BANK2
      Params:         0       0       0       0
      Locals:         0       1       0       0
      Temps:          0       0       0       0
      Totals:         0       1       0       0
Total ram usage:        1 bytes
 Hardware stack levels used:    1
 Hardware stack levels required when called:    6
 This function calls:
		_SendLCD
 This function is called by:
		_ScanIR
		_ScanWithRange
		_main
 This function uses a non-reentrant model


 *************** function _LCD_String *****************
 Defined at:
		line 83 in file "LCD.c"
 Parameters:    Size  Location     Type
  string          2    0[BANK0 ] PTR unsigned char 
		 -> STR_8(11), STR_7(10), main@buf(40), STR_5(17), 
		 -> main@Message(10), ScanWithRange@buf(40), STR_3(12), ScanIR@buf(40), 
		 -> STR_1(12), 
 Auto vars:     Size  Location     Type
		None
 Return value:  Size  Location     Type
                  1    wreg      void 
 Registers used:
		wreg, fsr1l, fsr1h, status,2, status,0, tblptrl, tblptrh, tblptru, cstack
 Tracked objects:
		On entry : 
		On exit  : 
		Unchanged: 
 Data sizes:     COMRAM   BANK0   BANK1   BANK2
      Params:         0       2       0       0
      Locals:         0       0       0       0
      Temps:          0       0       0       0
      Totals:         0       2       0       0
Total ram usage:        2 bytes
 Hardware stack levels used:    1
 Hardware stack levels required when called:    6
 This function calls:
		_SendLCD
 This function is called by:
		_ScanIR
		_ScanWithRange
		_main
 This function uses a non-reentrant model


 *************** function _SendLCD *****************
 Defined at:
		line 27 in file "LCD.c"
 Parameters:    Size  Location     Type
  Byte            1    wreg     unsigned char 
  type            1   47[COMRAM] unsigned char 
 Auto vars:     Size  Location     Type
  Byte            1   48[COMRAM] unsigned char 
 Return value:  Size  Location     Type
                  1    wreg      void 
 Registers used:
		wreg, status,2, status,0, cstack
 Tracked objects:
		On entry : 
		On exit  : 
		Unchanged: 
 Data sizes:     COMRAM   BANK0   BANK1   BANK2
      Params:         1       0       0       0
      Locals:         1       0       0       0
      Temps:          0       0       0       0
      Totals:         2       0       0       0
Total ram usage:        2 bytes
 Hardware stack levels used:    1
 Hardware stack levels required when called:    5
 This function calls:
		_LCDout
 This function is called by:
		_initLCD
		_SetLine
		_LCD_String
		_ScanIR
		_ScanWithRange
		_main
 This function uses a non-reentrant model


 *************** function _LCDout *****************
 Defined at:
		line 14 in file "LCD.c"
 Parameters:    Size  Location     Type
  number          1    wreg     unsigned char 
 Auto vars:     Size  Location     Type
  number          1   46[COMRAM] unsigned char 
 Return value:  Size  Location     Type
                  1    wreg      void 
 Registers used:
		wreg, status,2, status,0, cstack
 Tracked objects:
		On entry : 
		On exit  : 
		Unchanged: 
 Data sizes:     COMRAM   BANK0   BANK1   BANK2
      Params:         0       0       0       0
      Locals:         1       0       0       0
      Temps:          3       0       0       0
      Totals:         4       0       0       0
Total ram usage:        4 bytes
 Hardware stack levels used:    1
 Hardware stack levels required when called:    4
 This function calls:
		_E_TOG
 This function is called by:
		_SendLCD
		_initLCD
 This function uses a non-reentrant model


 *************** function _E_TOG *****************
 Defined at:
		line 5 in file "LCD.c"
 Parameters:    Size  Location     Type
		None
 Auto vars:     Size  Location     Type
		None
 Return value:  Size  Location     Type
                  1    wreg      void 
 Registers used:
		wreg
 Tracked objects:
		On entry : 
		On exit  : 
		Unchanged: 
 Data sizes:     COMRAM   BANK0   BANK1   BANK2
      Params:         0       0       0       0
      Locals:         0       0       0       0
      Temps:          0       0       0       0
      Totals:         0       0       0       0
Total ram usage:        0 bytes
 Hardware stack levels used:    1
 Hardware stack levels required when called:    3
 This function calls:
		Nothing
 This function is called by:
		_LCDout
 This function uses a non-reentrant model


 *************** function _InterruptHandlerLow *****************
 Defined at:
		line 18 in file "main.c"
 Parameters:    Size  Location     Type
		None
 Auto vars:     Size  Location     Type
		None
 Return value:  Size  Location     Type
                  1    wreg      void 
 Registers used:
		wreg, fsr2l, fsr2h, status,2, status,0, prodl, prodh
 Tracked objects:
		On entry : 
		On exit  : 
		Unchanged: 
 Data sizes:     COMRAM   BANK0   BANK1   BANK2
      Params:         0       0       0       0
      Locals:         0       0       0       0
      Temps:         21       0       0       0
      Totals:        21       0       0       0
Total ram usage:       21 bytes
 Hardware stack levels used:    1
 Hardware stack levels required when called:    2
 This function calls:
		Nothing
 This function is called by:
		Interrupt level 1
 This function uses a non-reentrant model


 *************** function _InterruptHandlerHigh *****************
 Defined at:
		line 34 in file "main.c"
 Parameters:    Size  Location     Type
		None
 Auto vars:     Size  Location     Type
		None
 Return value:  Size  Location     Type
                  1    wreg      void 
 Registers used:
		wreg, status,2, status,0, prodl, prodh, cstack
 Tracked objects:
		On entry : 
		On exit  : 
		Unchanged: 
 Data sizes:     COMRAM   BANK0   BANK1   BANK2
      Params:         0       0       0       0
      Locals:         0       0       0       0
      Temps:         18       0       0       0
      Totals:        18       0       0       0
Total ram usage:       18 bytes
 Hardware stack levels used:    1
 Hardware stack levels required when called:    1
 This function calls:
		i2_delay_tenth_s
 This function is called by:
		Interrupt level 2
 This function uses a non-reentrant model


 *************** function i2_delay_tenth_s *****************
 Defined at:
		line 32 in file "Movement.c"
 Parameters:    Size  Location     Type
  tenth_second    1    wreg     unsigned char 
 Auto vars:     Size  Location     Type
  tenth_second    1    1[COMRAM] unsigned char 
  delay_tenth_    2    2[COMRAM] unsigned int 
 Return value:  Size  Location     Type
                  1    wreg      void 
 Registers used:
		wreg, status,2, status,0, prodl, prodh, cstack
 Tracked objects:
		On entry : 
		On exit  : 
		Unchanged: 
 Data sizes:     COMRAM   BANK0   BANK1   BANK2
      Params:         0       0       0       0
      Locals:         3       0       0       0
      Temps:          1       0       0       0
      Totals:         4       0       0       0
Total ram usage:        4 bytes
 Hardware stack levels used:    1
 This function calls:
		Nothing
 This function is called by:
		_InterruptHandlerHigh
 This function uses a non-reentrant model



MODULE INFORMATION

Module		Function		Class		Link	Load	Size
C:\Program Files (x86)\Microchip\xc8\v1.45\sources\common\doprnt.c
		_sprintf       		CODE           	0F1E	0000	673

C:\Program Files (x86)\Microchip\xc8\v1.45\sources\common\doprnt.c estimated size: 673

dc_motor.c
		_fullSpeedBack 		CODE           	1AEE	0000	61
		_turnLeft      		CODE           	1B66	0000	61
		_stop          		CODE           	1776	0000	147
		_turnRight     		CODE           	1B2A	0000	61
		_initMotorPWM  		CODE           	1BA2	0000	59
		_setMotorPWM   		CODE           	12FC	0000	319
		_fullSpeed     		CODE           	188E	0000	125

dc_motor.c estimated size: 833

C:\Program Files (x86)\Microchip\xc8\v1.45\sources\common\Umul16.c
		___wmul        		CODE           	014E	0000	39

C:\Program Files (x86)\Microchip\xc8\v1.45\sources\common\Umul16.c estimated size: 39

C:\Program Files (x86)\Microchip\xc8\v1.45\sources\common\isdigit.c
		_isdigit       		CODE           	0196	0000	31

C:\Program Files (x86)\Microchip\xc8\v1.45\sources\common\isdigit.c estimated size: 31

IR_Reading.c
		_grabLeftIR    		CODE           	1980	0000	119
		_grabRightIR   		CODE           	190A	0000	119
		_enableSensor  		CODE           	0128	0000	39
		_initIR        		CODE           	0174	0000	35

IR_Reading.c estimated size: 312

C:\Program Files (x86)\Microchip\xc8\v1.45\sources\common\lwmod.c
		___lwmod       		CODE           	1AAA	0000	69

C:\Program Files (x86)\Microchip\xc8\v1.45\sources\common\lwmod.c estimated size: 69

shared
		_dpowers       		SMALLCONST     	0301	0000	11
		i2_delay_tenth_s		CODE           	1C14	0000	57
		__initialization		CODE           	1C4C	0000	41

shared estimated size: 109

C:\Program Files (x86)\Microchip\xc8\v1.45\sources\common\lwdiv.c
		___lwdiv       		CODE           	1A56	0000	85

C:\Program Files (x86)\Microchip\xc8\v1.45\sources\common\lwdiv.c estimated size: 85

C:\Program Files (x86)\Microchip\xc8\v1.45\sources\common\awdiv.c
		___awdiv       		CODE           	1808	0000	135

C:\Program Files (x86)\Microchip\xc8\v1.45\sources\common\awdiv.c estimated size: 135

RFID_Reader.c
		_VerifySignal  		CODE           	11BE	0000	319
		_initRFID      		CODE           	01B4	0000	29

RFID_Reader.c estimated size: 348

main.c
		_main          		CODE           	0350	0000	1745
		_InterruptHandlerLow		CODE           	0018	0000	223
		_InterruptHandlerHigh		CODE           	0008	0000	197

main.c estimated size: 2165

Movement.c
		_ScanIR        		CODE           	143A	0000	245
		_initTimer     		CODE           	1CE8	0000	21
		_delay_tenth_s 		CODE           	1BDC	0000	57
		_ScanWithRange 		CODE           	0A20	0000	1279

Movement.c estimated size: 1602

C:\Program Files (x86)\Microchip\xc8\v1.45\sources\common\memset.c
		_memset        		CODE           	00FA	0000	47

C:\Program Files (x86)\Microchip\xc8\v1.45\sources\common\memset.c estimated size: 47

LCD.c
		_SetLine       		CODE           	1C82	0000	55
		_LCD_String    		CODE           	19F6	0000	97
		_SendLCD       		CODE           	1CB8	0000	49
		_E_TOG         		CODE           	01D0	0000	15
		_LCDout        		CODE           	152E	0000	199
		_initLCD       		CODE           	15F4	0000	197

LCD.c estimated size: 612

