Microchip MPLAB XC8 Compiler V1.45 ()

Linker command line:

--edf=C:\Program Files (x86)\Microchip\xc8\v1.45\dat\en_msgs.txt -cs \
  -h+dist/default/production\BombFinderV2.X.production.sym \
  --cmf=dist/default/production\BombFinderV2.X.production.cmf -z -Q18F4331 \
  -oC:\Users\krthu\AppData\Local\Temp\sg9g.2 \
  -Mdist/default/production/BombFinderV2.X.production.map -E1 -ver=XC8 \
  -ASTACK=0276h-02ffh -pstack=STACK -ACODE=00h-01FFFh -ACONST=00h-01FFFh \
  -ASMALLCONST=0300h-03FFhx29 -AMEDIUMCONST=0300h-01FFFh -ACOMRAM=01h-05Fh \
  -AABS1=00h-02FFh -ABIGRAM=01h-02FFh -ARAM=060h-0FFh,0100h-01FFhx2 \
  -ABANK0=060h-0FFh -ABANK1=0100h-01FFh -ABANK2=0200h-02FFh \
  -ASFR=0F60h-0FFFh -preset_vec=00h,intcode=08h,intcodelo=018h,powerup,init \
  -pramtop=0300h -psmallconst=SMALLCONST -pmediumconst=MEDIUMCONST \
  -pconst=CONST -AFARRAM=00h-00h -ACONFIG=0300000h-030000Dh -pconfig=CONFIG \
  -AIDLOC=0200000h-0200007h -pidloc=IDLOC -AEEDATA=0F00000h-0F000FFh \
  -peeprom_data=EEDATA \
  -prdata=COMRAM,nvrram=COMRAM,nvbit=COMRAM,rbss=COMRAM,rbit=COMRAM \
  -pfarbss=FARRAM,fardata=FARRAM,nvFARRAM=FARRAM \
  -pintsave_regs=BIGRAM,bigbss=BIGRAM,bigdata=BIGRAM -pbss=RAM \
  -pidata=CODE,irdata=CODE,ibigdata=CODE,ifardata=CODE -prparam=COMRAM \
  C:\Users\krthu\AppData\Local\Temp\sg9g.obj \
  dist/default/production\BombFinderV2.X.production.obj 

Object code version is 3.11

Machine type is 18F4331

Call graph: (short form)




                Name                               Link     Load   Length Selector   Space Scale
C:\Users\krthu\AppData\Local\Temp\sg9g.obj
                init                                 F6       F6        4        C       0
                reset_vec                             0        0        4        0       0
                idloc                            200000   200000        8   200000       0
                config                           300000   300000        E   300000       0
dist/default/production\BombFinderV2.X.production.obj
                intcodelo                            18       18       DE        C       0
                intcode                               8        8        6        4       0
                temp                                 34       34        1        1       1
                smallconst                          300      300       50      180       0
                text32                             1708     1708       38      1A8       0
                intcode_body                       11F2     11F2       B2      1A8       0
                text29                             18BC     18BC        E      1A8       0
                text28                             1068     1068       C6      1A8       0
                text27                             17A8     17A8       30      1A8       0
                text26                             1524     1524       60      1A8       0
                text25                             1740     1740       36      1A8       0
                text24                             14AE     14AE       76      1A8       0
                text23                             1438     1438       76      1A8       0
                text22                             1584     1584       54      1A8       0
                text21                             15D8     15D8       44      1A8       0
                text20                             1828     1828       26      1A8       0
                text19                             1870     1870       1E      1A8       0
                text18                              A9A      A9A      2A0      1A8       0
                text17                             1336     1336       86      1A8       0
                text16                              D3A      D3A      13E      1A8       0
                text15                             12A4     12A4       92      1A8       0
                text14                              F74      F74       F4      1A8       0
                text13                             16D0     16D0       38      1A8       0
                text12                             13BC     13BC       7C      1A8       0
                text11                             1694     1694       3C      1A8       0
                text10                             1658     1658       3C      1A8       0
                text9                               7D2      7D2      2C8      1A8       0
                text8                               E78      E78       FC      1A8       0
                text7                              1802     1802       26      1A8       0
                text6                              161C     161C       3C      1A8       0
                text5                              184E     184E       22      1A8       0
                text4                              112E     112E       C4      1A8       0
                text3                              1776     1776       32      1A8       0
                text2                              188E     188E       1C      1A8       0
                text1                              18AA     18AA       12      1A8       0
                text0                               350      350      482      1A8       0
                cstackCOMRAM                          1        1       31        1       1
                cstackBANK0                          60       60       6D       60       1
                cstackBANK1                         100      100       FA      100       1
                cstackBANK2                         200      200       76      200       1
                bssBANK1                            1FA      1FA        5      100       1
                bssBANK0                             CD       CD       18       60       1
                bssCOMRAM                            32       32        2        1       1
                cinit                              17D8     17D8       2A      1A8       0

TOTAL           Name                               Link     Load   Length     Space
        CLASS   STACK          

        CLASS   CODE           
                intcodelo                            18       18       DE         0
                intcode                               8        8        6         0
                init                                 F6       F6        4         0
                reset_vec                             0        0        4         0
                text32                             1708     1708       38         0
                intcode_body                       11F2     11F2       B2         0
                text29                             18BC     18BC        E         0
                text28                             1068     1068       C6         0
                text27                             17A8     17A8       30         0
                text26                             1524     1524       60         0
                text25                             1740     1740       36         0
                text24                             14AE     14AE       76         0
                text23                             1438     1438       76         0
                text22                             1584     1584       54         0
                text21                             15D8     15D8       44         0
                text20                             1828     1828       26         0
                text19                             1870     1870       1E         0
                text18                              A9A      A9A      2A0         0
                text17                             1336     1336       86         0
                text16                              D3A      D3A      13E         0
                text15                             12A4     12A4       92         0
                text14                              F74      F74       F4         0
                text13                             16D0     16D0       38         0
                text12                             13BC     13BC       7C         0
                text11                             1694     1694       3C         0
                text10                             1658     1658       3C         0
                text9                               7D2      7D2      2C8         0
                text8                               E78      E78       FC         0
                text7                              1802     1802       26         0
                text6                              161C     161C       3C         0
                text5                              184E     184E       22         0
                text4                              112E     112E       C4         0
                text3                              1776     1776       32         0
                text2                              188E     188E       1C         0
                text1                              18AA     18AA       12         0
                text0                               350      350      482         0
                cinit                              17D8     17D8       2A         0

        CLASS   CONST          

        CLASS   SMALLCONST     
                smallconst                          300      300       50         0

        CLASS   MEDIUMCONST    

        CLASS   COMRAM         
                temp                                 34       34        1         1
                cstackCOMRAM                          1        1       31         1
                bssCOMRAM                            32       32        2         1

        CLASS   ABS1           

        CLASS   BIGRAM         

        CLASS   RAM            

        CLASS   BANK0          
                cstackBANK0                          60       60       6D         1
                bssBANK0                             CD       CD       18         1

        CLASS   BANK1          
                cstackBANK1                         100      100       FA         1
                bssBANK1                            1FA      1FA        5         1

        CLASS   BANK2          
                cstackBANK2                         200      200       76         1

        CLASS   SFR            

        CLASS   FARRAM         

        CLASS   CONFIG         
                config                           300000   300000        E         0

        CLASS   IDLOC          
                idloc                            200000   200000        8         0

        CLASS   EEDATA         



SEGMENTS        Name                           Load    Length   Top    Selector   Space  Class

                reset_vec                      000000  000004  000004         0       0  CODE    
                cstackCOMRAM                   000001  000034  000035         1       1  COMRAM  
                intcode                        000008  000006  00000E         4       0  CODE    
                intcodelo                      000018  0000E2  0000FA         C       0  CODE    
                cstackBANK0                    000060  000085  0000E5        60       1  BANK0   
                cstackBANK1                    000100  0000FF  0001FF       100       1  BANK1   
                cstackBANK2                    000200  000076  000276       200       1  BANK2   
                smallconst                     000300  000050  000350       180       0  SMALLCON
                text0                          000350  00157A  0018CA       1A8       0  CODE    
                idloc                          200000  000008  200008    200000       0  IDLOC   
                config                         300000  00000E  30000E    300000       0  CONFIG  


UNUSED ADDRESS RANGES

        Name                Unused          Largest block    Delta
        BANK0            0000E5-0000FF               1B
        BANK1            0001FF-0001FF                1
        BANK2            000276-0002FF               8A
        BIGRAM           000035-00005F               2B
                         0000E5-0000FF               1B
                         0001FF-0001FF                1
                         000276-0002FF               8A
        CODE             000004-000007                4
                         00000E-000017                A
                         0000FA-0002FF              206
                         0018CA-001FFF              736
        COMRAM           000035-00005F               2B
        CONST            000004-000007                4
                         00000E-000017                A
                         0000FA-0002FF              206
                         0018CA-001FFF              736
        EEDATA           F00000-F000FF              100
        MEDIUMCONST      0018CA-001FFF              736
        RAM              0000E5-0000FF               1B
                         0001FF-0001FF                1
                         000276-0002FF               8A
        SFR              000F60-000FFF               A0
        SMALLCONST       0018CA-001FFF              100
        STACK            000276-0002FF               8A

                                  Symbol Table

?___awdiv                             cstackBANK0  000060
?___lwdiv                             cstackCOMRAM 00002C
?___lwmod                             cstackBANK0  000063
?___wmul                              cstackCOMRAM 00002C
?_grabLeftIR                          cstackCOMRAM 00002C
?_grabRightIR                         cstackCOMRAM 00002C
?_sprintf                             cstackBANK0  000067
LCD_String@string                     cstackBANK0  000060
LCDout@number                         cstackCOMRAM 00002F
ScanIR@DirectionMoveThreshold         cstackBANK0  0000AF
ScanIR@F3544                          bssBANK0     0000D1
ScanIR@Move                           cstackBANK0  000080
ScanIR@MoveTime                       cstackBANK0  000082
ScanIR@MoveType                       cstackBANK0  000084
ScanIR@SensorResult                   cstackBANK0  0000B1
ScanIR@buf                            cstackBANK0  000087
ScanIR@mL                             cstackBANK0  00007C
ScanIR@mR                             cstackBANK0  00007E
ScanWithRange@DirectionFoundThreshold cstackBANK0  0000B7
ScanWithRange@F3555                   bssBANK0     0000CD
ScanWithRange@LeftFlag                cstackBANK0  0000BF
ScanWithRange@MoveTimeEntry           cstackBANK0  000082
ScanWithRange@RFID_Read               cstackBANK0  000084
ScanWithRange@RightFlag               cstackBANK0  0000C1
ScanWithRange@SensorResult            cstackBANK0  0000BB
ScanWithRange@TimeAboveThreshold      cstackBANK0  0000BA
ScanWithRange@buf                     cstackBANK0  00008B
ScanWithRange@i                       cstackBANK0  0000B5
ScanWithRange@mL                      cstackBANK0  00007C
ScanWithRange@mR                      cstackBANK0  00007E
ScanWithRange@milliseconds            cstackBANK0  000080
ScanWithRange@n                       cstackBANK0  0000B3
ScanWithRange@power                   cstackBANK0  0000B9
SendLCD@Byte                          cstackCOMRAM 000031
SendLCD@type                          cstackCOMRAM 000030
SetLine@line                          cstackBANK0  000060
VerifySignal@Signal                   cstackCOMRAM 00002C
VerifySignal@checksum                 cstackCOMRAM 000030
VerifySignal@hexByte                  cstackCOMRAM 00002E
VerifySignal@i                        cstackCOMRAM 000031
_ANSEL0bits                           (abs)        000FB8
_BAUDCONbits                          (abs)        000FAA
_CAP1BUFH                             (abs)        000F69
_CAP1BUFL                             (abs)        000F68
_CAP1CON                              (abs)        000F63
_CAP2BUFH                             (abs)        000F67
_CAP2BUFL                             (abs)        000F66
_CAP2CON                              (abs)        000F62
_E_TOG                                text29       0018BC
_INTCONbits                           (abs)        000FF2
_IPR1bits                             (abs)        000F9F
_InterruptHandlerHigh                 intcode      000008
_InterruptHandlerLow                  intcodelo    000018
_LATAbits                             (abs)        000F89
_LATB                                 (abs)        000F8A
_LATCbits                             (abs)        000F8B
_LATDbits                             (abs)        000F8C
_LATEbits                             (abs)        000F8D
_LCD_String                           text26       001524
_LCDout                               text28       001068
_OSCCON                               (abs)        000FD3
_OSCCONbits                           (abs)        000FD3
_PDC0H                                (abs)        000F78
_PDC0L                                (abs)        000F79
_PDC1H                                (abs)        000F76
_PDC1L                                (abs)        000F77
_PIE1bits                             (abs)        000F9D
_PIR1bits                             (abs)        000F9E
_PTCON0                               (abs)        000F7F
_PTCON1                               (abs)        000F7E
_PTPERH                               (abs)        000F7A
_PTPERL                               (abs)        000F7B
_PWMCON0                              (abs)        000F6F
_PWMCON1                              (abs)        000F6E
_RCONbits                             (abs)        000FD0
_RCREG                                (abs)        000FAE
_RCSTAbits                            (abs)        000FAB
_RFID_Read                            bssBANK1     0001FE
_ReceivedString                       bssBANK0     0000D5
_SPBRG                                (abs)        000FAF
_SPBRGH                               (abs)        000FB0
_ScanIR                               text14       000F74
_ScanWithRange                        text9        0007D2
_SendLCD                              text27       0017A8
_SetLine                              text25       001740
_T0CONbits                            (abs)        000FD5
_T5CON                                (abs)        000FB7
_TMR0H                                (abs)        000FD7
_TMR0L                                (abs)        000FD6
_TRISAbits                            (abs)        000F92
_TRISBbits                            (abs)        000F93
_TRISC                                (abs)        000F94
_TRISCbits                            (abs)        000F94
_TRISDbits                            (abs)        000F95
_TRISEbits                            (abs)        000F96
_TXREG                                (abs)        000FAD
_TXSTAbits                            (abs)        000FAC
_VerifySignal                         text8        000E78
__CFG_LVP$OFF                         (abs)        000000
__CFG_MCLRE$OFF                       (abs)        000000
__CFG_OSC$IRCIO                       (abs)        000000
__CFG_WDTEN$OFF                       (abs)        000000
__HRAM                                (abs)        000000
__Habs1                               abs1         000000
__Hbank0                              bank0        000000
__Hbank1                              bank1        000000
__Hbank2                              bank2        000000
__Hbigbss                             bigbss       000000
__Hbigdata                            bigdata      000000
__Hbigram                             bigram       000000
__Hbss                                bss          000000
__HbssBANK0                           bssBANK0     000000
__HbssBANK1                           bssBANK1     000000
__HbssCOMRAM                          bssCOMRAM    000000
__Hcinit                              cinit        000000
__Hclrtext                            clrtext      000000
__Hcomram                             comram       000000
__Hconfig                             config       30000E
__Hconst                              const        000000
__HcstackBANK0                        cstackBANK0  000000
__HcstackBANK1                        cstackBANK1  000000
__HcstackBANK2                        cstackBANK2  000000
__HcstackCOMRAM                       cstackCOMRAM 000000
__Hdata                               data         000000
__Heeprom_data                        eeprom_data  000000
__Hfarbss                             farbss       000000
__Hfardata                            fardata      000000
__Hibigdata                           ibigdata     000000
__Hidata                              idata        000000
__Hidloc                              idloc        200008
__Hifardata                           ifardata     000000
__Hinit                               init         0000FA
__Hintcode                            intcode      00000E
__Hintcode_body                       intcode_body 000000
__Hintcodelo                          intcodelo    0000F6
__Hintentry                           intentry     000000
__Hintret                             intret       000000
__Hintsave_regs                       intsave_regs 000000
__Hirdata                             irdata       000000
__Hmediumconst                        mediumconst  000000
__HnvFARRAM                           nvFARRAM     000000
__Hnvbit                              nvbit        000000
__Hnvrram                             nvrram       000000
__Hparam                              rparam       000000
__Hpowerup                            powerup      0000F6
__Hram                                ram          000000
__Hramtop                             ramtop       000300
__Hrbit                               rbit         000000
__Hrbss                               rbss         000000
__Hrdata                              rdata        000000
__Hreset_vec                          reset_vec    000004
__Hrparam                             rparam       000000
__Hsfr                                sfr          000000
__Hsmallconst                         smallconst   000350
__Hspace_0                            (abs)        30000E
__Hspace_1                            (abs)        000276
__Hspace_2                            (abs)        000000
__Hstack                              stack        000000
__Hstruct                             struct       000000
__Htemp                               temp         000035
__Htext                               text         000000
__Htext0                              text0        000000
__Htext1                              text1        000000
__Htext10                             text10       000000
__Htext11                             text11       000000
__Htext12                             text12       000000
__Htext13                             text13       000000
__Htext14                             text14       000000
__Htext15                             text15       000000
__Htext16                             text16       000000
__Htext17                             text17       000000
__Htext18                             text18       000000
__Htext19                             text19       000000
__Htext2                              text2        000000
__Htext20                             text20       000000
__Htext21                             text21       000000
__Htext22                             text22       000000
__Htext23                             text23       000000
__Htext24                             text24       000000
__Htext25                             text25       000000
__Htext26                             text26       000000
__Htext27                             text27       000000
__Htext28                             text28       000000
__Htext29                             text29       000000
__Htext3                              text3        000000
__Htext32                             text32       000000
__Htext4                              text4        000000
__Htext5                              text5        000000
__Htext6                              text6        000000
__Htext7                              text7        000000
__Htext8                              text8        000000
__Htext9                              text9        000000
__LRAM                                (abs)        000001
__Labs1                               abs1         000000
__Lbank0                              bank0        000000
__Lbank1                              bank1        000000
__Lbank2                              bank2        000000
__Lbigbss                             bigbss       000000
__Lbigdata                            bigdata      000000
__Lbigram                             bigram       000000
__Lbss                                bss          000000
__LbssBANK0                           bssBANK0     000000
__LbssBANK1                           bssBANK1     000000
__LbssCOMRAM                          bssCOMRAM    000000
__Lcinit                              cinit        000000
__Lclrtext                            clrtext      000000
__Lcomram                             comram       000000
__Lconfig                             config       300000
__Lconst                              const        000000
__LcstackBANK0                        cstackBANK0  000000
__LcstackBANK1                        cstackBANK1  000000
__LcstackBANK2                        cstackBANK2  000000
__LcstackCOMRAM                       cstackCOMRAM 000000
__Ldata                               data         000000
__Leeprom_data                        eeprom_data  000000
__Lfarbss                             farbss       000000
__Lfardata                            fardata      000000
__Libigdata                           ibigdata     000000
__Lidata                              idata        000000
__Lidloc                              idloc        200000
__Lifardata                           ifardata     000000
__Linit                               init         0000F6
__Lintcode                            intcode      000008
__Lintcode_body                       intcode_body 000000
__Lintcodelo                          intcodelo    000018
__Lintentry                           intentry     000000
__Lintret                             intret       000000
__Lintsave_regs                       intsave_regs 000000
__Lirdata                             irdata       000000
__Lmediumconst                        mediumconst  000000
__LnvFARRAM                           nvFARRAM     000000
__Lnvbit                              nvbit        000000
__Lnvrram                             nvrram       000000
__Lparam                              rparam       000000
__Lpowerup                            powerup      0000F6
__Lram                                ram          000000
__Lramtop                             ramtop       000300
__Lrbit                               rbit         000000
__Lrbss                               rbss         000000
__Lrdata                              rdata        000000
__Lreset_vec                          reset_vec    000000
__Lrparam                             rparam       000000
__Lsfr                                sfr          000000
__Lsmallconst                         smallconst   000300
__Lspace_0                            (abs)        000000
__Lspace_1                            (abs)        000000
__Lspace_2                            (abs)        000000
__Lstack                              stack        000000
__Lstruct                             struct       000000
__Ltemp                               temp         000034
__Ltext                               text         000000
__Ltext0                              text0        000000
__Ltext1                              text1        000000
__Ltext10                             text10       000000
__Ltext11                             text11       000000
__Ltext12                             text12       000000
__Ltext13                             text13       000000
__Ltext14                             text14       000000
__Ltext15                             text15       000000
__Ltext16                             text16       000000
__Ltext17                             text17       000000
__Ltext18                             text18       000000
__Ltext19                             text19       000000
__Ltext2                              text2        000000
__Ltext20                             text20       000000
__Ltext21                             text21       000000
__Ltext22                             text22       000000
__Ltext23                             text23       000000
__Ltext24                             text24       000000
__Ltext25                             text25       000000
__Ltext26                             text26       000000
__Ltext27                             text27       000000
__Ltext28                             text28       000000
__Ltext29                             text29       000000
__Ltext3                              text3        000000
__Ltext32                             text32       000000
__Ltext4                              text4        000000
__Ltext5                              text5        000000
__Ltext6                              text6        000000
__Ltext7                              text7        000000
__Ltext8                              text8        000000
__Ltext9                              text9        000000
__S0                                  (abs)        30000E
__S1                                  (abs)        000276
__S2                                  (abs)        000000
___awdiv                              text17       001336
___awdiv@counter                      cstackBANK0  000064
___awdiv@dividend                     cstackBANK0  000060
___awdiv@divisor                      cstackBANK0  000062
___awdiv@quotient                     cstackBANK0  000066
___awdiv@sign                         cstackBANK0  000065
___inthi_sp                           stack        000000
___intlo_sp                           stack        000000
___lwdiv                              text22       001584
___lwdiv@counter                      cstackBANK0  000060
___lwdiv@dividend                     cstackCOMRAM 00002C
___lwdiv@divisor                      cstackCOMRAM 00002E
___lwdiv@quotient                     cstackBANK0  000061
___lwmod                              text21       0015D8
___lwmod@counter                      cstackCOMRAM 000030
___lwmod@dividend                     cstackBANK0  000063
___lwmod@divisor                      cstackBANK0  000065
___param_bank                         (abs)        000000
___rparam_used                        (abs)        000001
___sp                                 stack        000000
___wmul                               text20       001828
___wmul@multiplicand                  cstackCOMRAM 00002E
___wmul@multiplier                    cstackCOMRAM 00002C
___wmul@product                       cstackCOMRAM 000030
__accesstop                           (abs)        000060
__activetblptr                        (abs)        000002
__end_of_E_TOG                        text29       0018CA
__end_of_InterruptHandlerHigh         intcode_body 0012A4
__end_of_InterruptHandlerLow          intcodelo    0000F6
__end_of_LCD_String                   text26       001584
__end_of_LCDout                       text28       00112E
__end_of_ScanIR                       text14       001068
__end_of_ScanWithRange                text9        000A9A
__end_of_SendLCD                      text27       0017D8
__end_of_SetLine                      text25       001776
__end_of_VerifySignal                 text8        000F74
__end_of___awdiv                      text17       0013BC
__end_of___lwdiv                      text22       0015D8
__end_of___lwmod                      text21       00161C
__end_of___wmul                       text20       00184E
__end_of__initialization              cinit        0017F4
__end_of_delay_tenth_s                text13       001708
__end_of_dpowers                      smallconst   00030B
__end_of_enableSensor                 text7        001828
__end_of_fullSpeedAhead               text12       001438
__end_of_fullSpeedBack                text6        001658
__end_of_grabLeftIR                   text24       001524
__end_of_grabRightIR                  text23       0014AE
__end_of_initIR                       text5        001870
__end_of_initLCD                      text4        0011F2
__end_of_initMotorPWM                 text3        0017A8
__end_of_initRFID                     text2        0018AA
__end_of_initTimer                    text1        0018BC
__end_of_isdigit                      text19       00188E
__end_of_main                         text0        0007D2
__end_of_setMotorPWM                  text16       000E78
__end_of_sprintf                      text18       000D3A
__end_of_stop                         text15       001336
__end_of_turnLeft                     text11       0016D0
__end_of_turnRight                    text10       001694
__end_ofi2_delay_tenth_s              text32       001740
__initialization                      cinit        0017D8
__mediumconst                         mediumconst  000000
__pbssBANK0                           bssBANK0     0000CD
__pbssBANK1                           bssBANK1     0001FA
__pbssCOMRAM                          bssCOMRAM    000032
__pcinit                              cinit        0017D8
__pcstackBANK0                        cstackBANK0  000060
__pcstackBANK1                        cstackBANK1  000100
__pcstackBANK2                        cstackBANK2  000200
__pcstackCOMRAM                       cstackCOMRAM 000001
__pintcode                            intcode      000008
__pintcode_body                       intcode_body 0011F2
__pintcodelo                          intcodelo    000018
__psmallconst                         smallconst   000300
__ptext0                              text0        000350
__ptext1                              text1        0018AA
__ptext10                             text10       001658
__ptext11                             text11       001694
__ptext12                             text12       0013BC
__ptext13                             text13       0016D0
__ptext14                             text14       000F74
__ptext15                             text15       0012A4
__ptext16                             text16       000D3A
__ptext17                             text17       001336
__ptext18                             text18       000A9A
__ptext19                             text19       001870
__ptext2                              text2        00188E
__ptext20                             text20       001828
__ptext21                             text21       0015D8
__ptext22                             text22       001584
__ptext23                             text23       001438
__ptext24                             text24       0014AE
__ptext25                             text25       001740
__ptext26                             text26       001524
__ptext27                             text27       0017A8
__ptext28                             text28       001068
__ptext29                             text29       0018BC
__ptext3                              text3        001776
__ptext32                             text32       001708
__ptext4                              text4        00112E
__ptext5                              text5        00184E
__ptext6                              text6        00161C
__ptext7                              text7        001802
__ptext8                              text8        000E78
__ptext9                              text9        0007D2
__ramtop                              ramtop       000300
__size_of_E_TOG                       (abs)        000000
__size_of_InterruptHandlerHigh        (abs)        000000
__size_of_InterruptHandlerLow         (abs)        000000
__size_of_LCD_String                  (abs)        000000
__size_of_LCDout                      (abs)        000000
__size_of_ScanIR                      (abs)        000000
__size_of_ScanWithRange               (abs)        000000
__size_of_SendLCD                     (abs)        000000
__size_of_SetLine                     (abs)        000000
__size_of_VerifySignal                (abs)        000000
__size_of___awdiv                     (abs)        000000
__size_of___lwdiv                     (abs)        000000
__size_of___lwmod                     (abs)        000000
__size_of___wmul                      (abs)        000000
__size_of_delay_tenth_s               (abs)        000000
__size_of_enableSensor                (abs)        000000
__size_of_fullSpeedAhead              (abs)        000000
__size_of_fullSpeedBack               (abs)        000000
__size_of_grabLeftIR                  (abs)        000000
__size_of_grabRightIR                 (abs)        000000
__size_of_initIR                      (abs)        000000
__size_of_initLCD                     (abs)        000000
__size_of_initMotorPWM                (abs)        000000
__size_of_initRFID                    (abs)        000000
__size_of_initTimer                   (abs)        000000
__size_of_isdigit                     (abs)        000000
__size_of_main                        (abs)        000000
__size_of_setMotorPWM                 (abs)        000000
__size_of_sprintf                     (abs)        000000
__size_of_stop                        (abs)        000000
__size_of_turnLeft                    (abs)        000000
__size_of_turnRight                   (abs)        000000
__size_ofi2_delay_tenth_s             (abs)        000000
__smallconst                          smallconst   000300
_delay_tenth_s                        text13       0016D0
_dpowers                              smallconst   000301
_enableSensor                         text7        001802
_fullSpeedAhead                       text12       0013BC
_fullSpeedBack                        text6        00161C
_grabLeftIR                           text24       0014AE
_grabRightIR                          text23       001438
_i                                    bssCOMRAM    000033
_initIR                               text5        00184E
_initLCD                              text4        00112E
_initMotorPWM                         text3        001776
_initRFID                             text2        00188E
_initTimer                            text1        0018AA
_isdigit                              text19       001870
_isdigit$1692                         cstackCOMRAM 00002D
_main                                 text0        000350
_mode                                 bssCOMRAM    000032
_setMotorPWM                          text16       000D3A
_sprintf                              text18       000A9A
_stop                                 text15       0012A4
_turnLeft                             text11       001694
_turnRight                            text10       001658
btemp                                 temp         000034
delay_tenth_s@i                       cstackCOMRAM 00002E
delay_tenth_s@tenth_seconds           cstackCOMRAM 00002D
enableSensor@sensor                   cstackCOMRAM 00002D
enableSensor@status                   cstackCOMRAM 00002C
end_of_initialization                 cinit        0017F4
fullSpeedAhead@mL                     cstackBANK0  000071
fullSpeedAhead@mR                     cstackBANK0  000073
fullSpeedAhead@power                  cstackBANK0  000075
fullSpeedBack@mL                      cstackBANK0  000077
fullSpeedBack@mR                      cstackBANK0  000079
fullSpeedBack@power                   cstackBANK0  00007B
grabLeftIR@IR_signal                  cstackBANK0  000060
grabLeftIR@i                          cstackBANK0  000062
grabRightIR@IR_signal                 cstackBANK0  000060
grabRightIR@i                         cstackBANK0  000062
i2_delay_tenth_s                      text32       001708
i2delay_tenth_s@i                     cstackCOMRAM 000003
i2delay_tenth_s@tenth_seconds         cstackCOMRAM 000002
int$flags                             temp         000034
int_func                              intcode_body 0011F2
intlevel0                             text         000000
intlevel1                             text         000000
intlevel2                             text         000000
intlevel3                             text         000000
isdigit@c                             cstackCOMRAM 00002E
main@DirectionFound                   cstackBANK0  0000CA
main@F3558                            bssBANK1     0001FA
main@Message                          cstackBANK1  0001F0
main@Move                             cstackBANK0  0000CB
main@MoveTime                         cstackBANK1  000100
main@MoveType                         cstackBANK2  000200
main@ScanAngle                        cstackBANK0  0000C5
main@SensorResult                     cstackBANK0  0000C6
main@buf                              cstackBANK1  0001C8
main@i                                cstackBANK0  0000CC
main@mL                               cstackBANK2  000264
main@mR                               cstackBANK2  00026D
setMotorPWM@PWMduty                   cstackBANK0  00006F
setMotorPWM@m                         cstackBANK0  000068
sprintf@ap                            cstackBANK0  000073
sprintf@c                             cstackBANK0  00007B
sprintf@f                             cstackBANK0  000069
sprintf@flag                          cstackBANK0  000078
sprintf@prec                          cstackBANK0  000075
sprintf@sp                            cstackBANK0  000067
sprintf@val                           cstackBANK0  000076
sprintf@width                         cstackBANK0  000079
stackhi                               (abs)        0002FF
stacklo                               (abs)        000276
start                                 init         0000F6
start_initialization                  cinit        0017D8
stop@mL                               cstackBANK0  000071
stop@mR                               cstackBANK0  000073
turnLeft@mL                           cstackBANK0  000077
turnLeft@mR                           cstackBANK0  000079
turnLeft@power                        cstackBANK0  00007B
turnRight@mL                          cstackBANK0  000077
turnRight@mR                          cstackBANK0  000079
turnRight@power                       cstackBANK0  00007B
wtemp6                                temp         000035


FUNCTION INFORMATION:

 *************** function _main *****************
 Defined at:
		line 51 in file "main.c"
 Parameters:    Size  Location     Type
		None
 Auto vars:     Size  Location     Type
  MoveTime      200    0[BANK1 ] int [100]
  MoveType      100    0[BANK2 ] unsigned char [100]
  buf            40  200[BANK1 ] unsigned char [40]
  Message        10  240[BANK1 ] unsigned char [10]
  mR              9  109[BANK2 ] struct DC_motor
  mL              9  100[BANK2 ] struct DC_motor
  SensorResult    4  102[BANK0 ] unsigned int [2]
  i               1  108[BANK0 ] unsigned char 
  Move            1  107[BANK0 ] unsigned char 
  DirectionFou    1  106[BANK0 ] char 
  ScanAngle       1  101[BANK0 ] unsigned char 
 Return value:  Size  Location     Type
                  1    wreg      void 
 Registers used:
		wreg, fsr1l, fsr1h, fsr2l, fsr2h, status,2, status,0, tblptrl, tblptrh, tblptru, prodl, prodh, cstack
 Tracked objects:
		On entry : 
		On exit  : 
		Unchanged: 
 Data sizes:     COMRAM   BANK0   BANK1   BANK2
      Params:         0       0       0       0
      Locals:         0       8     250     118
      Temps:          0       2       0       0
      Totals:         0      10     250     118
Total ram usage:      378 bytes
 Hardware stack levels required when called:    8
 This function calls:
		_LCD_String
		_ScanIR
		_ScanWithRange
		_SendLCD
		_SetLine
		_VerifySignal
		_delay_tenth_s
		_enableSensor
		_fullSpeedAhead
		_fullSpeedBack
		_grabLeftIR
		_grabRightIR
		_initIR
		_initLCD
		_initMotorPWM
		_initRFID
		_initTimer
		_sprintf
		_stop
 This function is called by:
		Startup code after reset
 This function uses a non-reentrant model


 *************** function _initTimer *****************
 Defined at:
		line 8 in file "Movement.c"
 Parameters:    Size  Location     Type
		None
 Auto vars:     Size  Location     Type
		None
 Return value:  Size  Location     Type
                  1    wreg      void 
 Registers used:
		None
 Tracked objects:
		On entry : 
		On exit  : 
		Unchanged: 
 Data sizes:     COMRAM   BANK0   BANK1   BANK2
      Params:         0       0       0       0
      Locals:         0       0       0       0
      Temps:          0       0       0       0
      Totals:         0       0       0       0
Total ram usage:        0 bytes
 Hardware stack levels used:    1
 Hardware stack levels required when called:    3
 This function calls:
		Nothing
 This function is called by:
		_main
 This function uses a non-reentrant model


 *************** function _initRFID *****************
 Defined at:
		line 5 in file "RFID_Reader.c"
 Parameters:    Size  Location     Type
		None
 Auto vars:     Size  Location     Type
		None
 Return value:  Size  Location     Type
                  1    wreg      void 
 Registers used:
		wreg, status,2, status,0
 Tracked objects:
		On entry : 
		On exit  : 
		Unchanged: 
 Data sizes:     COMRAM   BANK0   BANK1   BANK2
      Params:         0       0       0       0
      Locals:         0       0       0       0
      Temps:          0       0       0       0
      Totals:         0       0       0       0
Total ram usage:        0 bytes
 Hardware stack levels used:    1
 Hardware stack levels required when called:    3
 This function calls:
		Nothing
 This function is called by:
		_main
 This function uses a non-reentrant model


 *************** function _initMotorPWM *****************
 Defined at:
		line 4 in file "dc_motor.c"
 Parameters:    Size  Location     Type
		None
 Auto vars:     Size  Location     Type
		None
 Return value:  Size  Location     Type
                  1    wreg      void 
 Registers used:
		wreg, status,2
 Tracked objects:
		On entry : 
		On exit  : 
		Unchanged: 
 Data sizes:     COMRAM   BANK0   BANK1   BANK2
      Params:         0       0       0       0
      Locals:         0       0       0       0
      Temps:          0       0       0       0
      Totals:         0       0       0       0
Total ram usage:        0 bytes
 Hardware stack levels used:    1
 Hardware stack levels required when called:    3
 This function calls:
		Nothing
 This function is called by:
		_main
 This function uses a non-reentrant model


 *************** function _initLCD *****************
 Defined at:
		line 38 in file "LCD.c"
 Parameters:    Size  Location     Type
		None
 Auto vars:     Size  Location     Type
		None
 Return value:  Size  Location     Type
                  1    wreg      void 
 Registers used:
		wreg, status,2, status,0, cstack
 Tracked objects:
		On entry : 
		On exit  : 
		Unchanged: 
 Data sizes:     COMRAM   BANK0   BANK1   BANK2
      Params:         0       0       0       0
      Locals:         0       0       0       0
      Temps:          0       1       0       0
      Totals:         0       1       0       0
Total ram usage:        1 bytes
 Hardware stack levels used:    1
 Hardware stack levels required when called:    6
 This function calls:
		_LCDout
		_SendLCD
 This function is called by:
		_main
 This function uses a non-reentrant model


 *************** function _initIR *****************
 Defined at:
		line 30 in file "IR_Reading.c"
 Parameters:    Size  Location     Type
		None
 Auto vars:     Size  Location     Type
		None
 Return value:  Size  Location     Type
                  1    wreg      void 
 Registers used:
		wreg, status,2
 Tracked objects:
		On entry : 
		On exit  : 
		Unchanged: 
 Data sizes:     COMRAM   BANK0   BANK1   BANK2
      Params:         0       0       0       0
      Locals:         0       0       0       0
      Temps:          0       0       0       0
      Totals:         0       0       0       0
Total ram usage:        0 bytes
 Hardware stack levels used:    1
 Hardware stack levels required when called:    3
 This function calls:
		Nothing
 This function is called by:
		_main
 This function uses a non-reentrant model


 *************** function _fullSpeedBack *****************
 Defined at:
		line 125 in file "dc_motor.c"
 Parameters:    Size  Location     Type
  mL              2   23[BANK0 ] PTR struct DC_motor
		 -> main@mL(9), 
  mR              2   25[BANK0 ] PTR struct DC_motor
		 -> main@mR(9), 
  power           1   27[BANK0 ] unsigned char 
 Auto vars:     Size  Location     Type
		None
 Return value:  Size  Location     Type
                  1    wreg      void 
 Registers used:
		wreg, fsr2l, fsr2h, status,2, status,0, prodl, prodh, cstack
 Tracked objects:
		On entry : 
		On exit  : 
		Unchanged: 
 Data sizes:     COMRAM   BANK0   BANK1   BANK2
      Params:         0       5       0       0
      Locals:         0       0       0       0
      Temps:          0       0       0       0
      Totals:         0       5       0       0
Total ram usage:        5 bytes
 Hardware stack levels used:    1
 Hardware stack levels required when called:    6
 This function calls:
		_fullSpeedAhead
 This function is called by:
		_main
 This function uses a non-reentrant model


 *************** function _enableSensor *****************
 Defined at:
		line 106 in file "IR_Reading.c"
 Parameters:    Size  Location     Type
  sensor          1    wreg     unsigned char 
  status          1   43[COMRAM] unsigned char 
 Auto vars:     Size  Location     Type
  sensor          1   44[COMRAM] unsigned char 
 Return value:  Size  Location     Type
                  1    wreg      void 
 Registers used:
		wreg, status,2, status,0
 Tracked objects:
		On entry : 
		On exit  : 
		Unchanged: 
 Data sizes:     COMRAM   BANK0   BANK1   BANK2
      Params:         1       0       0       0
      Locals:         1       0       0       0
      Temps:          0       0       0       0
      Totals:         2       0       0       0
Total ram usage:        2 bytes
 Hardware stack levels used:    1
 Hardware stack levels required when called:    3
 This function calls:
		Nothing
 This function is called by:
		_main
 This function uses a non-reentrant model


 *************** function _VerifySignal *****************
 Defined at:
		line 55 in file "RFID_Reader.c"
 Parameters:    Size  Location     Type
  Signal          2   43[COMRAM] PTR unsigned char 
		 -> ReceivedString(16), 
 Auto vars:     Size  Location     Type
  hexByte         2   45[COMRAM] unsigned int 
  i               1   48[COMRAM] unsigned char 
  checksum        1   47[COMRAM] unsigned char 
 Return value:  Size  Location     Type
                  1    wreg      unsigned char 
 Registers used:
		wreg, fsr2l, fsr2h, status,2, status,0, prodl, prodh
 Tracked objects:
		On entry : 
		On exit  : 
		Unchanged: 
 Data sizes:     COMRAM   BANK0   BANK1   BANK2
      Params:         2       0       0       0
      Locals:         4       0       0       0
      Temps:          0       6       0       0
      Totals:         6       6       0       0
Total ram usage:       12 bytes
 Hardware stack levels used:    1
 Hardware stack levels required when called:    3
 This function calls:
		Nothing
 This function is called by:
		_main
 This function uses a non-reentrant model


 *************** function _ScanWithRange *****************
 Defined at:
		line 91 in file "Movement.c"
 Parameters:    Size  Location     Type
  mL              2   28[BANK0 ] PTR struct DC_motor
		 -> main@mL(9), 
  mR              2   30[BANK0 ] PTR struct DC_motor
		 -> main@mR(9), 
  milliseconds    2   32[BANK0 ] int 
  MoveTimeEntr    2   34[BANK0 ] PTR int 
		 -> main@MoveTime(200), 
  RFID_Read       2   36[BANK0 ] PTR unsigned char 
		 -> RFID_Read(1), 
 Auto vars:     Size  Location     Type
  buf            40   43[BANK0 ] unsigned char [40]
  SensorResult    4   91[BANK0 ] unsigned int [2]
  RightFlag       2   97[BANK0 ] unsigned int 
  LeftFlag        2   95[BANK0 ] unsigned int 
  DirectionFou    2   87[BANK0 ] const unsigned int 
  i               2   85[BANK0 ] unsigned int 
  n               2   83[BANK0 ] unsigned int 
  TimeAboveThr    1   90[BANK0 ] unsigned char 
  power           1   89[BANK0 ] const unsigned char 
 Return value:  Size  Location     Type
                  1    wreg      unsigned char 
 Registers used:
		wreg, fsr1l, fsr1h, fsr2l, fsr2h, status,2, status,0, tblptrl, tblptrh, tblptru, prodl, prodh, cstack
 Tracked objects:
		On entry : 
		On exit  : 
		Unchanged: 
 Data sizes:     COMRAM   BANK0   BANK1   BANK2
      Params:         0      10       0       0
      Locals:         0      56       0       0
      Temps:          0       5       0       0
      Totals:         0      71       0       0
Total ram usage:       71 bytes
 Hardware stack levels used:    1
 Hardware stack levels required when called:    7
 This function calls:
		_LCD_String
		_SendLCD
		_SetLine
		_delay_tenth_s
		_grabLeftIR
		_grabRightIR
		_sprintf
		_stop
		_turnLeft
		_turnRight
 This function is called by:
		_main
 This function uses a non-reentrant model


 *************** function _turnRight *****************
 Defined at:
		line 98 in file "dc_motor.c"
 Parameters:    Size  Location     Type
  mL              2   23[BANK0 ] PTR struct DC_motor
		 -> main@mL(9), 
  mR              2   25[BANK0 ] PTR struct DC_motor
		 -> main@mR(9), 
  power           1   27[BANK0 ] unsigned char 
 Auto vars:     Size  Location     Type
		None
 Return value:  Size  Location     Type
                  1    wreg      void 
 Registers used:
		wreg, fsr2l, fsr2h, status,2, status,0, prodl, prodh, cstack
 Tracked objects:
		On entry : 
		On exit  : 
		Unchanged: 
 Data sizes:     COMRAM   BANK0   BANK1   BANK2
      Params:         0       5       0       0
      Locals:         0       0       0       0
      Temps:          0       0       0       0
      Totals:         0       5       0       0
Total ram usage:        5 bytes
 Hardware stack levels used:    1
 Hardware stack levels required when called:    6
 This function calls:
		_fullSpeedAhead
 This function is called by:
		_ScanWithRange
 This function uses a non-reentrant model


 *************** function _turnLeft *****************
 Defined at:
		line 87 in file "dc_motor.c"
 Parameters:    Size  Location     Type
  mL              2   23[BANK0 ] PTR struct DC_motor
		 -> main@mL(9), 
  mR              2   25[BANK0 ] PTR struct DC_motor
		 -> main@mR(9), 
  power           1   27[BANK0 ] unsigned char 
 Auto vars:     Size  Location     Type
		None
 Return value:  Size  Location     Type
                  1    wreg      void 
 Registers used:
		wreg, fsr2l, fsr2h, status,2, status,0, prodl, prodh, cstack
 Tracked objects:
		On entry : 
		On exit  : 
		Unchanged: 
 Data sizes:     COMRAM   BANK0   BANK1   BANK2
      Params:         0       5       0       0
      Locals:         0       0       0       0
      Temps:          0       0       0       0
      Totals:         0       5       0       0
Total ram usage:        5 bytes
 Hardware stack levels used:    1
 Hardware stack levels required when called:    6
 This function calls:
		_fullSpeedAhead
 This function is called by:
		_ScanWithRange
 This function uses a non-reentrant model


 *************** function _fullSpeedAhead *****************
 Defined at:
		line 108 in file "dc_motor.c"
 Parameters:    Size  Location     Type
  mL              2   17[BANK0 ] PTR struct DC_motor
		 -> main@mL(9), 
  mR              2   19[BANK0 ] PTR struct DC_motor
		 -> main@mR(9), 
  power           1   21[BANK0 ] unsigned char 
 Auto vars:     Size  Location     Type
		None
 Return value:  Size  Location     Type
                  1    wreg      void 
 Registers used:
		wreg, fsr2l, fsr2h, status,2, status,0, prodl, prodh, cstack
 Tracked objects:
		On entry : 
		On exit  : 
		Unchanged: 
 Data sizes:     COMRAM   BANK0   BANK1   BANK2
      Params:         0       5       0       0
      Locals:         0       0       0       0
      Temps:          0       1       0       0
      Totals:         0       6       0       0
Total ram usage:        6 bytes
 Hardware stack levels used:    1
 Hardware stack levels required when called:    5
 This function calls:
		_setMotorPWM
 This function is called by:
		_turnLeft
		_turnRight
		_fullSpeedBack
		_main
 This function uses a non-reentrant model


 *************** function _delay_tenth_s *****************
 Defined at:
		line 32 in file "Movement.c"
 Parameters:    Size  Location     Type
  tenth_second    1    wreg     unsigned char 
 Auto vars:     Size  Location     Type
  tenth_second    1   44[COMRAM] unsigned char 
  i               2   45[COMRAM] unsigned int 
 Return value:  Size  Location     Type
                  1    wreg      void 
 Registers used:
		wreg, status,2, status,0, prodl, prodh, cstack
 Tracked objects:
		On entry : 
		On exit  : 
		Unchanged: 
 Data sizes:     COMRAM   BANK0   BANK1   BANK2
      Params:         0       0       0       0
      Locals:         3       0       0       0
      Temps:          1       0       0       0
      Totals:         4       0       0       0
Total ram usage:        4 bytes
 Hardware stack levels used:    1
 Hardware stack levels required when called:    3
 This function calls:
		Nothing
 This function is called by:
		_ScanWithRange
		_main
 This function uses a non-reentrant model


 *************** function _ScanIR *****************
 Defined at:
		line 45 in file "Movement.c"
 Parameters:    Size  Location     Type
  mL              2   28[BANK0 ] PTR struct DC_motor
		 -> main@mL(9), 
  mR              2   30[BANK0 ] PTR struct DC_motor
		 -> main@mR(9), 
  Move            2   32[BANK0 ] PTR unsigned char 
		 -> main@Move(1), 
  MoveTime        2   34[BANK0 ] PTR int 
		 -> main@MoveTime(200), 
  MoveType        2   36[BANK0 ] PTR unsigned char 
		 -> main@MoveType(100), 
 Auto vars:     Size  Location     Type
  buf            40   39[BANK0 ] unsigned char [40]
  SensorResult    4   81[BANK0 ] unsigned int [2]
  DirectionMov    2   79[BANK0 ] const unsigned int 
 Return value:  Size  Location     Type
                  1    wreg      unsigned char 
 Registers used:
		wreg, fsr1l, fsr1h, fsr2l, fsr2h, status,2, status,0, tblptrl, tblptrh, tblptru, prodl, prodh, cstack
 Tracked objects:
		On entry : 
		On exit  : 
		Unchanged: 
 Data sizes:     COMRAM   BANK0   BANK1   BANK2
      Params:         0      10       0       0
      Locals:         0      46       0       0
      Temps:          0       1       0       0
      Totals:         0      57       0       0
Total ram usage:       57 bytes
 Hardware stack levels used:    1
 Hardware stack levels required when called:    7
 This function calls:
		_LCD_String
		_SendLCD
		_SetLine
		_grabLeftIR
		_grabRightIR
		_sprintf
		_stop
 This function is called by:
		_main
 This function uses a non-reentrant model


 *************** function _stop *****************
 Defined at:
		line 67 in file "dc_motor.c"
 Parameters:    Size  Location     Type
  mL              2   17[BANK0 ] PTR struct DC_motor
		 -> main@mL(9), 
  mR              2   19[BANK0 ] PTR struct DC_motor
		 -> main@mR(9), 
 Auto vars:     Size  Location     Type
		None
 Return value:  Size  Location     Type
                  1    wreg      void 
 Registers used:
		wreg, fsr2l, fsr2h, status,2, status,0, prodl, prodh, cstack
 Tracked objects:
		On entry : 
		On exit  : 
		Unchanged: 
 Data sizes:     COMRAM   BANK0   BANK1   BANK2
      Params:         0       4       0       0
      Locals:         0       0       0       0
      Temps:          0       0       0       0
      Totals:         0       4       0       0
Total ram usage:        4 bytes
 Hardware stack levels used:    1
 Hardware stack levels required when called:    5
 This function calls:
		_setMotorPWM
 This function is called by:
		_ScanIR
		_ScanWithRange
		_main
 This function uses a non-reentrant model


 *************** function _setMotorPWM *****************
 Defined at:
		line 26 in file "dc_motor.c"
 Parameters:    Size  Location     Type
  m               2    8[BANK0 ] PTR struct DC_motor
		 -> main@mR(9), main@mL(9), 
 Auto vars:     Size  Location     Type
  PWMduty         2   15[BANK0 ] int 
 Return value:  Size  Location     Type
                  1    wreg      void 
 Registers used:
		wreg, fsr2l, fsr2h, status,2, status,0, prodl, prodh, cstack
 Tracked objects:
		On entry : 
		On exit  : 
		Unchanged: 
 Data sizes:     COMRAM   BANK0   BANK1   BANK2
      Params:         0       2       0       0
      Locals:         0       2       0       0
      Temps:          0       5       0       0
      Totals:         0       9       0       0
Total ram usage:        9 bytes
 Hardware stack levels used:    1
 Hardware stack levels required when called:    4
 This function calls:
		___awdiv
		___wmul
 This function is called by:
		_stop
		_fullSpeedAhead
		_setMotorFullSpeed
		_stopMotor
 This function uses a non-reentrant model


 *************** function ___awdiv *****************
 Defined at:
		line 8 in file "C:\Program Files (x86)\Microchip\xc8\v1.45\sources\common\awdiv.c"
 Parameters:    Size  Location     Type
  dividend        2    0[BANK0 ] int 
  divisor         2    2[BANK0 ] int 
 Auto vars:     Size  Location     Type
  quotient        2    6[BANK0 ] int 
  sign            1    5[BANK0 ] unsigned char 
  counter         1    4[BANK0 ] unsigned char 
 Return value:  Size  Location     Type
                  2    0[BANK0 ] int 
 Registers used:
		wreg, status,2, status,0
 Tracked objects:
		On entry : 
		On exit  : 
		Unchanged: 
 Data sizes:     COMRAM   BANK0   BANK1   BANK2
      Params:         0       4       0       0
      Locals:         0       4       0       0
      Temps:          0       0       0       0
      Totals:         0       8       0       0
Total ram usage:        8 bytes
 Hardware stack levels used:    1
 Hardware stack levels required when called:    3
 This function calls:
		Nothing
 This function is called by:
		_setMotorPWM
 This function uses a non-reentrant model


 *************** function _sprintf *****************
 Defined at:
		line 492 in file "C:\Program Files (x86)\Microchip\xc8\v1.45\sources\common\doprnt.c"
 Parameters:    Size  Location     Type
  sp              2    7[BANK0 ] PTR unsigned char 
		 -> main@buf(40), ScanWithRange@buf(40), ScanIR@buf(40), 
  f               2    9[BANK0 ] PTR const unsigned char 
		 -> STR_6(17), STR_4(16), STR_2(16), 
 Auto vars:     Size  Location     Type
  tmpval          4    0        struct .
  cp              3    0        PTR const unsigned char 
  width           2   25[BANK0 ] int 
  val             2   22[BANK0 ] unsigned int 
  ap              2   19[BANK0 ] PTR void [1]
		 -> ?_sprintf(2), 
  len             2    0        unsigned int 
  c               1   27[BANK0 ] char 
  flag            1   24[BANK0 ] unsigned char 
  prec            1   21[BANK0 ] char 
 Return value:  Size  Location     Type
                  2    7[BANK0 ] int 
 Registers used:
		wreg, fsr2l, fsr2h, status,2, status,0, tblptrl, tblptrh, tblptru, prodl, prodh, cstack
 Tracked objects:
		On entry : 
		On exit  : 
		Unchanged: 
 Data sizes:     COMRAM   BANK0   BANK1   BANK2
      Params:         0       8       0       0
      Locals:         0       9       0       0
      Temps:          0       4       0       0
      Totals:         0      21       0       0
Total ram usage:       21 bytes
 Hardware stack levels used:    1
 Hardware stack levels required when called:    4
 This function calls:
		___lwdiv
		___lwmod
		___wmul
		_isdigit
 This function is called by:
		_ScanIR
		_ScanWithRange
		_main
 This function uses a non-reentrant model


 *************** function _isdigit *****************
 Defined at:
		line 8 in file "C:\Program Files (x86)\Microchip\xc8\v1.45\sources\common\isdigit.c"
 Parameters:    Size  Location     Type
  c               1    wreg     unsigned char 
 Auto vars:     Size  Location     Type
  c               1   45[COMRAM] unsigned char 
 Return value:  Size  Location     Type
		None               void
 Registers used:
		wreg, status,2, status,0
 Tracked objects:
		On entry : 
		On exit  : 
		Unchanged: 
 Data sizes:     COMRAM   BANK0   BANK1   BANK2
      Params:         0       0       0       0
      Locals:         2       0       0       0
      Temps:          1       0       0       0
      Totals:         3       0       0       0
Total ram usage:        3 bytes
 Hardware stack levels used:    1
 Hardware stack levels required when called:    3
 This function calls:
		Nothing
 This function is called by:
		_sprintf
 This function uses a non-reentrant model


 *************** function ___wmul *****************
 Defined at:
		line 15 in file "C:\Program Files (x86)\Microchip\xc8\v1.45\sources\common\Umul16.c"
 Parameters:    Size  Location     Type
  multiplier      2   43[COMRAM] unsigned int 
  multiplicand    2   45[COMRAM] unsigned int 
 Auto vars:     Size  Location     Type
  product         2   47[COMRAM] unsigned int 
 Return value:  Size  Location     Type
                  2   43[COMRAM] unsigned int 
 Registers used:
		wreg, status,2, status,0, prodl, prodh
 Tracked objects:
		On entry : 
		On exit  : 
		Unchanged: 
 Data sizes:     COMRAM   BANK0   BANK1   BANK2
      Params:         4       0       0       0
      Locals:         2       0       0       0
      Temps:          0       0       0       0
      Totals:         6       0       0       0
Total ram usage:        6 bytes
 Hardware stack levels used:    1
 Hardware stack levels required when called:    3
 This function calls:
		Nothing
 This function is called by:
		_setMotorPWM
		_sprintf
 This function uses a non-reentrant model


 *************** function ___lwmod *****************
 Defined at:
		line 8 in file "C:\Program Files (x86)\Microchip\xc8\v1.45\sources\common\lwmod.c"
 Parameters:    Size  Location     Type
  dividend        2    3[BANK0 ] unsigned int 
  divisor         2    5[BANK0 ] unsigned int 
 Auto vars:     Size  Location     Type
  counter         1   47[COMRAM] unsigned char 
 Return value:  Size  Location     Type
                  2    3[BANK0 ] unsigned int 
 Registers used:
		wreg, status,2, status,0
 Tracked objects:
		On entry : 
		On exit  : 
		Unchanged: 
 Data sizes:     COMRAM   BANK0   BANK1   BANK2
      Params:         0       4       0       0
      Locals:         1       0       0       0
      Temps:          0       0       0       0
      Totals:         1       4       0       0
Total ram usage:        5 bytes
 Hardware stack levels used:    1
 Hardware stack levels required when called:    3
 This function calls:
		Nothing
 This function is called by:
		_sprintf
 This function uses a non-reentrant model


 *************** function ___lwdiv *****************
 Defined at:
		line 8 in file "C:\Program Files (x86)\Microchip\xc8\v1.45\sources\common\lwdiv.c"
 Parameters:    Size  Location     Type
  dividend        2   43[COMRAM] unsigned int 
  divisor         2   45[COMRAM] unsigned int 
 Auto vars:     Size  Location     Type
  quotient        2    1[BANK0 ] unsigned int 
  counter         1    0[BANK0 ] unsigned char 
 Return value:  Size  Location     Type
                  2   43[COMRAM] unsigned int 
 Registers used:
		wreg, status,2, status,0
 Tracked objects:
		On entry : 
		On exit  : 
		Unchanged: 
 Data sizes:     COMRAM   BANK0   BANK1   BANK2
      Params:         4       0       0       0
      Locals:         0       3       0       0
      Temps:          0       0       0       0
      Totals:         4       3       0       0
Total ram usage:        7 bytes
 Hardware stack levels used:    1
 Hardware stack levels required when called:    3
 This function calls:
		Nothing
 This function is called by:
		_sprintf
 This function uses a non-reentrant model


 *************** function _grabRightIR *****************
 Defined at:
		line 74 in file "IR_Reading.c"
 Parameters:    Size  Location     Type
		None
 Auto vars:     Size  Location     Type
  IR_signal       2    0[BANK0 ] unsigned int 
  i               1    2[BANK0 ] unsigned char 
 Return value:  Size  Location     Type
                  2   43[COMRAM] unsigned int 
 Registers used:
		wreg, status,2, status,0
 Tracked objects:
		On entry : 
		On exit  : 
		Unchanged: 
 Data sizes:     COMRAM   BANK0   BANK1   BANK2
      Params:         2       0       0       0
      Locals:         0       3       0       0
      Temps:          3       0       0       0
      Totals:         5       3       0       0
Total ram usage:        8 bytes
 Hardware stack levels used:    1
 Hardware stack levels required when called:    3
 This function calls:
		Nothing
 This function is called by:
		_ScanIR
		_ScanWithRange
		_main
 This function uses a non-reentrant model


 *************** function _grabLeftIR *****************
 Defined at:
		line 90 in file "IR_Reading.c"
 Parameters:    Size  Location     Type
		None
 Auto vars:     Size  Location     Type
  IR_signal       2    0[BANK0 ] unsigned int 
  i               1    2[BANK0 ] unsigned char 
 Return value:  Size  Location     Type
                  2   43[COMRAM] unsigned int 
 Registers used:
		wreg, status,2, status,0
 Tracked objects:
		On entry : 
		On exit  : 
		Unchanged: 
 Data sizes:     COMRAM   BANK0   BANK1   BANK2
      Params:         2       0       0       0
      Locals:         0       3       0       0
      Temps:          3       0       0       0
      Totals:         5       3       0       0
Total ram usage:        8 bytes
 Hardware stack levels used:    1
 Hardware stack levels required when called:    3
 This function calls:
		Nothing
 This function is called by:
		_ScanIR
		_ScanWithRange
		_main
 This function uses a non-reentrant model


 *************** function _SetLine *****************
 Defined at:
		line 74 in file "LCD.c"
 Parameters:    Size  Location     Type
  line            1    wreg     unsigned char 
 Auto vars:     Size  Location     Type
  line            1    0[BANK0 ] unsigned char 
 Return value:  Size  Location     Type
                  1    wreg      void 
 Registers used:
		wreg, status,2, status,0, cstack
 Tracked objects:
		On entry : 
		On exit  : 
		Unchanged: 
 Data sizes:     COMRAM   BANK0   BANK1   BANK2
      Params:         0       0       0       0
      Locals:         0       1       0       0
      Temps:          0       0       0       0
      Totals:         0       1       0       0
Total ram usage:        1 bytes
 Hardware stack levels used:    1
 Hardware stack levels required when called:    6
 This function calls:
		_SendLCD
 This function is called by:
		_ScanIR
		_ScanWithRange
		_main
 This function uses a non-reentrant model


 *************** function _LCD_String *****************
 Defined at:
		line 83 in file "LCD.c"
 Parameters:    Size  Location     Type
  string          2    0[BANK0 ] PTR unsigned char 
		 -> STR_8(11), STR_7(10), main@buf(40), main@Message(10), 
		 -> STR_5(17), ScanWithRange@buf(40), STR_3(12), ScanIR@buf(40), 
		 -> STR_1(12), 
 Auto vars:     Size  Location     Type
		None
 Return value:  Size  Location     Type
                  1    wreg      void 
 Registers used:
		wreg, fsr1l, fsr1h, status,2, status,0, tblptrl, tblptrh, tblptru, cstack
 Tracked objects:
		On entry : 
		On exit  : 
		Unchanged: 
 Data sizes:     COMRAM   BANK0   BANK1   BANK2
      Params:         0       2       0       0
      Locals:         0       0       0       0
      Temps:          0       0       0       0
      Totals:         0       2       0       0
Total ram usage:        2 bytes
 Hardware stack levels used:    1
 Hardware stack levels required when called:    6
 This function calls:
		_SendLCD
 This function is called by:
		_ScanIR
		_ScanWithRange
		_main
 This function uses a non-reentrant model


 *************** function _SendLCD *****************
 Defined at:
		line 27 in file "LCD.c"
 Parameters:    Size  Location     Type
  Byte            1    wreg     unsigned char 
  type            1   47[COMRAM] unsigned char 
 Auto vars:     Size  Location     Type
  Byte            1   48[COMRAM] unsigned char 
 Return value:  Size  Location     Type
                  1    wreg      void 
 Registers used:
		wreg, status,2, status,0, cstack
 Tracked objects:
		On entry : 
		On exit  : 
		Unchanged: 
 Data sizes:     COMRAM   BANK0   BANK1   BANK2
      Params:         1       0       0       0
      Locals:         1       0       0       0
      Temps:          0       0       0       0
      Totals:         2       0       0       0
Total ram usage:        2 bytes
 Hardware stack levels used:    1
 Hardware stack levels required when called:    5
 This function calls:
		_LCDout
 This function is called by:
		_initLCD
		_SetLine
		_LCD_String
		_ScanIR
		_ScanWithRange
		_main
 This function uses a non-reentrant model


 *************** function _LCDout *****************
 Defined at:
		line 14 in file "LCD.c"
 Parameters:    Size  Location     Type
  number          1    wreg     unsigned char 
 Auto vars:     Size  Location     Type
  number          1   46[COMRAM] unsigned char 
 Return value:  Size  Location     Type
                  1    wreg      void 
 Registers used:
		wreg, status,2, status,0, cstack
 Tracked objects:
		On entry : 
		On exit  : 
		Unchanged: 
 Data sizes:     COMRAM   BANK0   BANK1   BANK2
      Params:         0       0       0       0
      Locals:         1       0       0       0
      Temps:          3       0       0       0
      Totals:         4       0       0       0
Total ram usage:        4 bytes
 Hardware stack levels used:    1
 Hardware stack levels required when called:    4
 This function calls:
		_E_TOG
 This function is called by:
		_SendLCD
		_initLCD
 This function uses a non-reentrant model


 *************** function _E_TOG *****************
 Defined at:
		line 5 in file "LCD.c"
 Parameters:    Size  Location     Type
		None
 Auto vars:     Size  Location     Type
		None
 Return value:  Size  Location     Type
                  1    wreg      void 
 Registers used:
		wreg
 Tracked objects:
		On entry : 
		On exit  : 
		Unchanged: 
 Data sizes:     COMRAM   BANK0   BANK1   BANK2
      Params:         0       0       0       0
      Locals:         0       0       0       0
      Temps:          0       0       0       0
      Totals:         0       0       0       0
Total ram usage:        0 bytes
 Hardware stack levels used:    1
 Hardware stack levels required when called:    3
 This function calls:
		Nothing
 This function is called by:
		_LCDout
 This function uses a non-reentrant model


 *************** function _InterruptHandlerLow *****************
 Defined at:
		line 18 in file "main.c"
 Parameters:    Size  Location     Type
		None
 Auto vars:     Size  Location     Type
		None
 Return value:  Size  Location     Type
                  1    wreg      void 
 Registers used:
		wreg, fsr2l, fsr2h, status,2, status,0, prodl, prodh
 Tracked objects:
		On entry : 
		On exit  : 
		Unchanged: 
 Data sizes:     COMRAM   BANK0   BANK1   BANK2
      Params:         0       0       0       0
      Locals:         0       0       0       0
      Temps:         21       0       0       0
      Totals:        21       0       0       0
Total ram usage:       21 bytes
 Hardware stack levels used:    1
 Hardware stack levels required when called:    2
 This function calls:
		Nothing
 This function is called by:
		Interrupt level 1
 This function uses a non-reentrant model


 *************** function _InterruptHandlerHigh *****************
 Defined at:
		line 34 in file "main.c"
 Parameters:    Size  Location     Type
		None
 Auto vars:     Size  Location     Type
		None
 Return value:  Size  Location     Type
                  1    wreg      void 
 Registers used:
		wreg, status,2, status,0, prodl, prodh, cstack
 Tracked objects:
		On entry : 
		On exit  : 
		Unchanged: 
 Data sizes:     COMRAM   BANK0   BANK1   BANK2
      Params:         0       0       0       0
      Locals:         0       0       0       0
      Temps:         18       0       0       0
      Totals:        18       0       0       0
Total ram usage:       18 bytes
 Hardware stack levels used:    1
 Hardware stack levels required when called:    1
 This function calls:
		i2_delay_tenth_s
 This function is called by:
		Interrupt level 2
 This function uses a non-reentrant model


 *************** function i2_delay_tenth_s *****************
 Defined at:
		line 32 in file "Movement.c"
 Parameters:    Size  Location     Type
  tenth_second    1    wreg     unsigned char 
 Auto vars:     Size  Location     Type
  tenth_second    1    1[COMRAM] unsigned char 
  delay_tenth_    2    2[COMRAM] unsigned int 
 Return value:  Size  Location     Type
                  1    wreg      void 
 Registers used:
		wreg, status,2, status,0, prodl, prodh, cstack
 Tracked objects:
		On entry : 
		On exit  : 
		Unchanged: 
 Data sizes:     COMRAM   BANK0   BANK1   BANK2
      Params:         0       0       0       0
      Locals:         3       0       0       0
      Temps:          1       0       0       0
      Totals:         4       0       0       0
Total ram usage:        4 bytes
 Hardware stack levels used:    1
 This function calls:
		Nothing
 This function is called by:
		_InterruptHandlerHigh
 This function uses a non-reentrant model



MODULE INFORMATION

Module		Function		Class		Link	Load	Size
C:\Program Files (x86)\Microchip\xc8\v1.45\sources\common\doprnt.c
		_sprintf       		CODE           	0A9A	0000	673

C:\Program Files (x86)\Microchip\xc8\v1.45\sources\common\doprnt.c estimated size: 673

dc_motor.c
		_fullSpeedBack 		CODE           	161C	0000	61
		_fullSpeedAhead		CODE           	13BC	0000	125
		_turnLeft      		CODE           	1694	0000	61
		_stop          		CODE           	12A4	0000	147
		_turnRight     		CODE           	1658	0000	61
		_initMotorPWM  		CODE           	1776	0000	51
		_setMotorPWM   		CODE           	0D3A	0000	319

dc_motor.c estimated size: 825

C:\Program Files (x86)\Microchip\xc8\v1.45\sources\common\Umul16.c
		___wmul        		CODE           	1828	0000	39

C:\Program Files (x86)\Microchip\xc8\v1.45\sources\common\Umul16.c estimated size: 39

C:\Program Files (x86)\Microchip\xc8\v1.45\sources\common\isdigit.c
		_isdigit       		CODE           	1870	0000	31

C:\Program Files (x86)\Microchip\xc8\v1.45\sources\common\isdigit.c estimated size: 31

IR_Reading.c
		_grabLeftIR    		CODE           	14AE	0000	119
		_grabRightIR   		CODE           	1438	0000	119
		_enableSensor  		CODE           	1802	0000	39
		_initIR        		CODE           	184E	0000	35

IR_Reading.c estimated size: 312

C:\Program Files (x86)\Microchip\xc8\v1.45\sources\common\lwmod.c
		___lwmod       		CODE           	15D8	0000	69

C:\Program Files (x86)\Microchip\xc8\v1.45\sources\common\lwmod.c estimated size: 69

shared
		_dpowers       		SMALLCONST     	0301	0000	11
		i2_delay_tenth_s		CODE           	1708	0000	57
		__initialization		CODE           	17D8	0000	29

shared estimated size: 97

C:\Program Files (x86)\Microchip\xc8\v1.45\sources\common\lwdiv.c
		___lwdiv       		CODE           	1584	0000	85

C:\Program Files (x86)\Microchip\xc8\v1.45\sources\common\lwdiv.c estimated size: 85

C:\Program Files (x86)\Microchip\xc8\v1.45\sources\common\awdiv.c
		___awdiv       		CODE           	1336	0000	135

C:\Program Files (x86)\Microchip\xc8\v1.45\sources\common\awdiv.c estimated size: 135

RFID_Reader.c
		_VerifySignal  		CODE           	0E78	0000	253
		_initRFID      		CODE           	188E	0000	29

RFID_Reader.c estimated size: 282

main.c
		_main          		CODE           	0350	0000	1155
		_InterruptHandlerLow		CODE           	0018	0000	223
		_InterruptHandlerHigh		CODE           	0008	0000	185

main.c estimated size: 1563

Movement.c
		_ScanIR        		CODE           	0F74	0000	245
		_initTimer     		CODE           	18AA	0000	19
		_delay_tenth_s 		CODE           	16D0	0000	57
		_ScanWithRange 		CODE           	07D2	0000	713

Movement.c estimated size: 1034

LCD.c
		_SetLine       		CODE           	1740	0000	55
		_LCD_String    		CODE           	1524	0000	97
		_SendLCD       		CODE           	17A8	0000	49
		_E_TOG         		CODE           	18BC	0000	15
		_LCDout        		CODE           	1068	0000	199
		_initLCD       		CODE           	112E	0000	197

LCD.c estimated size: 612

